Component: ARM Compiler 5.06 update 6 (build 750) Tool: armlink [4d35ed]

==============================================================================

Section Cross References

    startup_stm32l4r5xx.o(RESET) refers to startup_stm32l4r5xx.o(STACK) for __initial_sp
    startup_stm32l4r5xx.o(RESET) refers to startup_stm32l4r5xx.o(.text) for Reset_Handler
    startup_stm32l4r5xx.o(RESET) refers to stm32l4xx_it.o(i.SysTick_Handler) for SysTick_Handler
    startup_stm32l4r5xx.o(.text) refers to system_stm32l4xx.o(i.SystemInit) for SystemInit
    startup_stm32l4r5xx.o(.text) refers to entry.o(.ARM.Collect$$$$00000000) for __main
    main.o(i.MX_GPIO_Init) refers to stm32l4xx_hal_pwr_ex.o(i.HAL_PWREx_EnableVddIO2) for HAL_PWREx_EnableVddIO2
    main.o(i.MX_GPIO_Init) refers to stm32l4xx_hal_gpio.o(i.HAL_GPIO_WritePin) for HAL_GPIO_WritePin
    main.o(i.MX_GPIO_Init) refers to stm32l4xx_hal_gpio.o(i.HAL_GPIO_Init) for HAL_GPIO_Init
    main.o(i.MX_LPUART1_UART_Init) refers to stm32l4xx_hal_uart.o(i.HAL_UART_Init) for HAL_UART_Init
    main.o(i.MX_LPUART1_UART_Init) refers to stm32l4xx_hal_uart_ex.o(i.HAL_UARTEx_SetTxFifoThreshold) for HAL_UARTEx_SetTxFifoThreshold
    main.o(i.MX_LPUART1_UART_Init) refers to stm32l4xx_hal_uart_ex.o(i.HAL_UARTEx_SetRxFifoThreshold) for HAL_UARTEx_SetRxFifoThreshold
    main.o(i.MX_LPUART1_UART_Init) refers to main.o(.bss) for .bss
    main.o(i.SystemClock_Config) refers to stm32l4xx_hal_pwr_ex.o(i.HAL_PWREx_ControlVoltageScaling) for HAL_PWREx_ControlVoltageScaling
    main.o(i.SystemClock_Config) refers to stm32l4xx_hal_rcc.o(i.HAL_RCC_OscConfig) for HAL_RCC_OscConfig
    main.o(i.SystemClock_Config) refers to stm32l4xx_hal_rcc.o(i.HAL_RCC_ClockConfig) for HAL_RCC_ClockConfig
    main.o(i.SystemClock_Config) refers to stm32l4xx_hal_rcc_ex.o(i.HAL_RCCEx_PeriphCLKConfig) for HAL_RCCEx_PeriphCLKConfig
    main.o(i.SystemClock_Config) refers to stm32l4xx_hal_rcc.o(i.HAL_RCC_GetHCLKFreq) for HAL_RCC_GetHCLKFreq
    main.o(i.SystemClock_Config) refers to stm32l4xx_hal_cortex.o(i.HAL_SYSTICK_Config) for HAL_SYSTICK_Config
    main.o(i.SystemClock_Config) refers to stm32l4xx_hal_cortex.o(i.HAL_SYSTICK_CLKSourceConfig) for HAL_SYSTICK_CLKSourceConfig
    main.o(i.SystemClock_Config) refers to stm32l4xx_hal_cortex.o(i.HAL_NVIC_SetPriority) for HAL_NVIC_SetPriority
    main.o(i.main) refers to stm32l4xx_hal.o(i.HAL_Init) for HAL_Init
    main.o(i.main) refers to main.o(i.SystemClock_Config) for SystemClock_Config
    main.o(i.main) refers to main.o(i.MX_GPIO_Init) for MX_GPIO_Init
    main.o(i.main) refers to main.o(i.MX_LPUART1_UART_Init) for MX_LPUART1_UART_Init
    main.o(i.main) refers to strlen.o(.text) for strlen
    main.o(i.main) refers to stm32l4xx_hal_uart.o(i.HAL_UART_Transmit) for HAL_UART_Transmit
    main.o(i.main) refers to main.o(.data) for .data
    main.o(i.main) refers to main.o(.bss) for .bss
    main.o(.data) refers to main.o(.conststring) for .conststring
    stm32l4xx_it.o(i.SysTick_Handler) refers to stm32l4xx_hal.o(i.HAL_IncTick) for HAL_IncTick
    stm32l4xx_it.o(i.SysTick_Handler) refers to stm32l4xx_hal_cortex.o(i.HAL_SYSTICK_IRQHandler) for HAL_SYSTICK_IRQHandler
    stm32l4xx_hal_msp.o(i.HAL_MspInit) refers to stm32l4xx_hal_cortex.o(i.HAL_NVIC_SetPriorityGrouping) for HAL_NVIC_SetPriorityGrouping
    stm32l4xx_hal_msp.o(i.HAL_MspInit) refers to stm32l4xx_hal_cortex.o(i.HAL_NVIC_SetPriority) for HAL_NVIC_SetPriority
    stm32l4xx_hal_msp.o(i.HAL_UART_MspDeInit) refers to stm32l4xx_hal_gpio.o(i.HAL_GPIO_DeInit) for HAL_GPIO_DeInit
    stm32l4xx_hal_msp.o(i.HAL_UART_MspInit) refers to stm32l4xx_hal_gpio.o(i.HAL_GPIO_Init) for HAL_GPIO_Init
    stm32l4xx_ll_utils.o(i.LL_PLL_ConfigSystemClock_HSE) refers to stm32l4xx_ll_utils.o(i.UTILS_PLL_IsBusy) for UTILS_PLL_IsBusy
    stm32l4xx_ll_utils.o(i.LL_PLL_ConfigSystemClock_HSE) refers to stm32l4xx_ll_utils.o(i.UTILS_GetPLLOutputFrequency) for UTILS_GetPLLOutputFrequency
    stm32l4xx_ll_utils.o(i.LL_PLL_ConfigSystemClock_HSE) refers to stm32l4xx_ll_utils.o(i.LL_RCC_PLL_ConfigDomain_SYS) for LL_RCC_PLL_ConfigDomain_SYS
    stm32l4xx_ll_utils.o(i.LL_PLL_ConfigSystemClock_HSE) refers to stm32l4xx_ll_utils.o(i.UTILS_EnablePLLAndSwitchSystem) for UTILS_EnablePLLAndSwitchSystem
    stm32l4xx_ll_utils.o(i.LL_PLL_ConfigSystemClock_HSE) refers to stm32l4xx_ll_utils.o(i.LL_RCC_SetAHBPrescaler) for LL_RCC_SetAHBPrescaler
    stm32l4xx_ll_utils.o(i.LL_PLL_ConfigSystemClock_HSI) refers to stm32l4xx_ll_utils.o(i.UTILS_PLL_IsBusy) for UTILS_PLL_IsBusy
    stm32l4xx_ll_utils.o(i.LL_PLL_ConfigSystemClock_HSI) refers to stm32l4xx_ll_utils.o(i.UTILS_GetPLLOutputFrequency) for UTILS_GetPLLOutputFrequency
    stm32l4xx_ll_utils.o(i.LL_PLL_ConfigSystemClock_HSI) refers to stm32l4xx_ll_utils.o(i.LL_RCC_PLL_ConfigDomain_SYS) for LL_RCC_PLL_ConfigDomain_SYS
    stm32l4xx_ll_utils.o(i.LL_PLL_ConfigSystemClock_HSI) refers to stm32l4xx_ll_utils.o(i.UTILS_EnablePLLAndSwitchSystem) for UTILS_EnablePLLAndSwitchSystem
[...]
    stm32l4xx_hal_rcc.o(i.HAL_RCC_OscConfig) refers to stm32l4xx_hal.o(i.HAL_GetTick) for HAL_GetTick
    stm32l4xx_hal_rcc.o(i.HAL_RCC_OscConfig) refers to stm32l4xx_hal_rcc.o(i.RCC_SetFlashLatencyFromMSIRange) for RCC_SetFlashLatencyFromMSIRange
    stm32l4xx_hal_rcc.o(i.HAL_RCC_OscConfig) refers to stm32l4xx_hal_rcc.o(i.HAL_RCC_GetSysClockFreq) for HAL_RCC_GetSysClockFreq
    stm32l4xx_hal_rcc.o(i.HAL_RCC_OscConfig) refers to stm32l4xx_hal.o(i.HAL_InitTick) for HAL_InitTick
    stm32l4xx_hal_rcc.o(i.HAL_RCC_OscConfig) refers to system_stm32l4xx.o(.constdata) for AHBPrescTable
    stm32l4xx_hal_rcc.o(i.HAL_RCC_OscConfig) refers to system_stm32l4xx.o(.data) for SystemCoreClock
    stm32l4xx_hal_rcc.o(i.HAL_RCC_OscConfig) refers to stm32l4xx_hal.o(.data) for uwTickPrio
    stm32l4xx_hal_rcc.o(i.RCC_GetSysClockFreqFromPLLSource) refers to system_stm32l4xx.o(.constdata) for MSIRangeTable
    stm32l4xx_hal_rcc.o(i.RCC_SetFlashLatencyFromMSIRange) refers to stm32l4xx_hal_pwr_ex.o(i.HAL_PWREx_GetVoltageRange) for HAL_PWREx_GetVoltageRange
    stm32l4xx_hal_rcc_ex.o(i.HAL_RCCEx_CRSWaitSynchronization) refers to stm32l4xx_hal.o(i.HAL_GetTick) for HAL_GetTick
    stm32l4xx_hal_rcc_ex.o(i.HAL_RCCEx_CRS_IRQHandler) refers to stm32l4xx_hal_rcc_ex.o(i.HAL_RCCEx_CRS_SyncOkCallback) for HAL_RCCEx_CRS_SyncOkCallback
    stm32l4xx_hal_rcc_ex.o(i.HAL_RCCEx_CRS_IRQHandler) refers to stm32l4xx_hal_rcc_ex.o(i.HAL_RCCEx_CRS_SyncWarnCallback) for HAL_RCCEx_CRS_SyncWarnCallback
    stm32l4xx_hal_rcc_ex.o(i.HAL_RCCEx_CRS_IRQHandler) refers to stm32l4xx_hal_rcc_ex.o(i.HAL_RCCEx_CRS_ExpectedSyncCallback) for HAL_RCCEx_CRS_ExpectedSyncCallback
    stm32l4xx_hal_rcc_ex.o(i.HAL_RCCEx_CRS_IRQHandler) refers to stm32l4xx_hal_rcc_ex.o(i.HAL_RCCEx_CRS_ErrorCallback) for HAL_RCCEx_CRS_ErrorCallback
    stm32l4xx_hal_rcc_ex.o(i.HAL_RCCEx_DisableLSCO) refers to stm32l4xx_hal_pwr.o(i.HAL_PWR_EnableBkUpAccess) for HAL_PWR_EnableBkUpAccess
    stm32l4xx_hal_rcc_ex.o(i.HAL_RCCEx_DisableLSCO) refers to stm32l4xx_hal_pwr.o(i.HAL_PWR_DisableBkUpAccess) for HAL_PWR_DisableBkUpAccess
    stm32l4xx_hal_rcc_ex.o(i.HAL_RCCEx_DisablePLLSAI1) refers to stm32l4xx_hal.o(i.HAL_GetTick) for HAL_GetTick
    stm32l4xx_hal_rcc_ex.o(i.HAL_RCCEx_DisablePLLSAI2) refers to stm32l4xx_hal.o(i.HAL_GetTick) for HAL_GetTick
    stm32l4xx_hal_rcc_ex.o(i.HAL_RCCEx_EnableLSCO) refers to stm32l4xx_hal_gpio.o(i.HAL_GPIO_Init) for HAL_GPIO_Init
    stm32l4xx_hal_rcc_ex.o(i.HAL_RCCEx_EnableLSCO) refers to stm32l4xx_hal_pwr.o(i.HAL_PWR_EnableBkUpAccess) for HAL_PWR_EnableBkUpAccess
    stm32l4xx_hal_rcc_ex.o(i.HAL_RCCEx_EnableLSCO) refers to stm32l4xx_hal_pwr.o(i.HAL_PWR_DisableBkUpAccess) for HAL_PWR_DisableBkUpAccess
    stm32l4xx_hal_rcc_ex.o(i.HAL_RCCEx_EnablePLLSAI1) refers to stm32l4xx_hal.o(i.HAL_GetTick) for HAL_GetTick
    stm32l4xx_hal_rcc_ex.o(i.HAL_RCCEx_EnablePLLSAI2) refers to stm32l4xx_hal.o(i.HAL_GetTick) for HAL_GetTick
    stm32l4xx_hal_rcc_ex.o(i.HAL_RCCEx_GetPeriphCLKFreq) refers to stm32l4xx_hal_rcc_ex.o(i.RCCEx_GetSAIxPeriphCLKFreq) for RCCEx_GetSAIxPeriphCLKFreq
    stm32l4xx_hal_rcc_ex.o(i.HAL_RCCEx_GetPeriphCLKFreq) refers to stm32l4xx_hal_rcc.o(i.HAL_RCC_GetPCLK2Freq) for HAL_RCC_GetPCLK2Freq
    stm32l4xx_hal_rcc_ex.o(i.HAL_RCCEx_GetPeriphCLKFreq) refers to stm32l4xx_hal_rcc.o(i.HAL_RCC_GetPCLK1Freq) for HAL_RCC_GetPCLK1Freq
    stm32l4xx_hal_rcc_ex.o(i.HAL_RCCEx_GetPeriphCLKFreq) refers to system_stm32l4xx.o(.constdata) for MSIRangeTable
    stm32l4xx_hal_rcc_ex.o(i.HAL_RCCEx_GetPeriphCLKFreq) refers to stm32l4xx_hal_rcc.o(i.HAL_RCC_GetSysClockFreq) for HAL_RCC_GetSysClockFreq
    stm32l4xx_hal_rcc_ex.o(i.HAL_RCCEx_LSECSS_IRQHandler) refers to stm32l4xx_hal_rcc_ex.o(i.HAL_RCCEx_LSECSS_Callback) for HAL_RCCEx_LSECSS_Callback
    stm32l4xx_hal_rcc_ex.o(i.HAL_RCCEx_PeriphCLKConfig) refers to stm32l4xx_hal_rcc_ex.o(i.RCCEx_PLLSAI1_Config) for RCCEx_PLLSAI1_Config
    stm32l4xx_hal_rcc_ex.o(i.HAL_RCCEx_PeriphCLKConfig) refers to stm32l4xx_hal_rcc_ex.o(i.RCCEx_PLLSAI2_Config) for RCCEx_PLLSAI2_Config
    stm32l4xx_hal_rcc_ex.o(i.HAL_RCCEx_PeriphCLKConfig) refers to stm32l4xx_hal.o(i.HAL_GetTick) for HAL_GetTick
    stm32l4xx_hal_rcc_ex.o(i.RCCEx_PLLSAI1_Config) refers to stm32l4xx_hal.o(i.HAL_GetTick) for HAL_GetTick
    stm32l4xx_hal_rcc_ex.o(i.RCCEx_PLLSAI2_Config) refers to stm32l4xx_hal.o(i.HAL_GetTick) for HAL_GetTick
    stm32l4xx_hal_flash.o(i.FLASH_WaitForLastOperation) refers to stm32l4xx_hal.o(i.HAL_GetTick) for HAL_GetTick
    stm32l4xx_hal_flash.o(i.FLASH_WaitForLastOperation) refers to stm32l4xx_hal_flash.o(.data) for .data
    stm32l4xx_hal_flash.o(i.HAL_FLASH_GetError) refers to stm32l4xx_hal_flash.o(.data) for .data
    stm32l4xx_hal_flash.o(i.HAL_FLASH_IRQHandler) refers to stm32l4xx_hal_flash_ex.o(i.FLASH_FlushCaches) for FLASH_FlushCaches
    stm32l4xx_hal_flash.o(i.HAL_FLASH_IRQHandler) refers to stm32l4xx_hal_flash.o(i.HAL_FLASH_OperationErrorCallback) for HAL_FLASH_OperationErrorCallback
    stm32l4xx_hal_flash.o(i.HAL_FLASH_IRQHandler) refers to stm32l4xx_hal_flash.o(i.HAL_FLASH_EndOfOperationCallback) for HAL_FLASH_EndOfOperationCallback
    stm32l4xx_hal_flash.o(i.HAL_FLASH_IRQHandler) refers to stm32l4xx_hal_flash_ex.o(i.FLASH_PageErase) for FLASH_PageErase
    stm32l4xx_hal_flash.o(i.HAL_FLASH_IRQHandler) refers to stm32l4xx_hal_flash.o(.data) for .data
    stm32l4xx_hal_flash.o(i.HAL_FLASH_OB_Launch) refers to stm32l4xx_hal_flash.o(i.FLASH_WaitForLastOperation) for FLASH_WaitForLastOperation
    stm32l4xx_hal_flash.o(i.HAL_FLASH_Program) refers to stm32l4xx_hal_flash.o(i.FLASH_WaitForLastOperation) for FLASH_WaitForLastOperation
    stm32l4xx_hal_flash.o(i.HAL_FLASH_Program) refers to stm32l4xx_hal_flash.o(i.FLASH_Program_DoubleWord) for FLASH_Program_DoubleWord
    stm32l4xx_hal_flash.o(i.HAL_FLASH_Program) refers to stm32l4xx_hal_flash.o(i.FLASH_Program_Fast) for FLASH_Program_Fast
    stm32l4xx_hal_flash.o(i.HAL_FLASH_Program) refers to stm32l4xx_hal_flash_ex.o(i.FLASH_FlushCaches) for FLASH_FlushCaches
    stm32l4xx_hal_flash.o(i.HAL_FLASH_Program) refers to stm32l4xx_hal_flash.o(.data) for .data
    stm32l4xx_hal_flash.o(i.HAL_FLASH_Program_IT) refers to stm32l4xx_hal_flash.o(i.FLASH_Program_DoubleWord) for FLASH_Program_DoubleWord
    stm32l4xx_hal_flash.o(i.HAL_FLASH_Program_IT) refers to stm32l4xx_hal_flash.o(i.FLASH_Program_Fast) for FLASH_Program_Fast
    stm32l4xx_hal_flash.o(i.HAL_FLASH_Program_IT) refers to stm32l4xx_hal_flash.o(.data) for .data
    stm32l4xx_hal_flash_ex.o(i.FLASH_FlushCaches) refers to stm32l4xx_hal_flash.o(.data) for pFlash
    stm32l4xx_hal_flash_ex.o(i.FLASH_OB_PCROPConfig) refers to stm32l4xx_hal_flash.o(i.FLASH_WaitForLastOperation) for FLASH_WaitForLastOperation
    stm32l4xx_hal_flash_ex.o(i.FLASH_OB_UserConfig) refers to stm32l4xx_hal_flash.o(i.FLASH_WaitForLastOperation) for FLASH_WaitForLastOperation
    stm32l4xx_hal_flash_ex.o(i.FLASH_OB_WRPConfig) refers to stm32l4xx_hal_flash.o(i.FLASH_WaitForLastOperation) for FLASH_WaitForLastOperation
    stm32l4xx_hal_flash_ex.o(i.HAL_FLASHEx_ConfigLVEPin) refers to stm32l4xx_hal_flash.o(i.FLASH_WaitForLastOperation) for FLASH_WaitForLastOperation
    stm32l4xx_hal_flash_ex.o(i.HAL_FLASHEx_ConfigLVEPin) refers to stm32l4xx_hal_pwr_ex.o(i.HAL_PWREx_GetVoltageRange) for HAL_PWREx_GetVoltageRange
    stm32l4xx_hal_flash_ex.o(i.HAL_FLASHEx_ConfigLVEPin) refers to stm32l4xx_hal_flash.o(.data) for pFlash
    stm32l4xx_hal_flash_ex.o(i.HAL_FLASHEx_Erase) refers to stm32l4xx_hal_flash.o(i.FLASH_WaitForLastOperation) for FLASH_WaitForLastOperation
    stm32l4xx_hal_flash_ex.o(i.HAL_FLASHEx_Erase) refers to stm32l4xx_hal_flash_ex.o(i.FLASH_MassErase) for FLASH_MassErase
    stm32l4xx_hal_flash_ex.o(i.HAL_FLASHEx_Erase) refers to stm32l4xx_hal_flash_ex.o(i.FLASH_PageErase) for FLASH_PageErase
    stm32l4xx_hal_flash_ex.o(i.HAL_FLASHEx_Erase) refers to stm32l4xx_hal_flash_ex.o(i.FLASH_FlushCaches) for FLASH_FlushCaches
    stm32l4xx_hal_flash_ex.o(i.HAL_FLASHEx_Erase) refers to stm32l4xx_hal_flash.o(.data) for pFlash
    stm32l4xx_hal_flash_ex.o(i.HAL_FLASHEx_Erase_IT) refers to stm32l4xx_hal_flash_ex.o(i.FLASH_PageErase) for FLASH_PageErase
    stm32l4xx_hal_flash_ex.o(i.HAL_FLASHEx_Erase_IT) refers to stm32l4xx_hal_flash_ex.o(i.FLASH_MassErase) for FLASH_MassErase
    stm32l4xx_hal_flash_ex.o(i.HAL_FLASHEx_Erase_IT) refers to stm32l4xx_hal_flash.o(.data) for pFlash
    stm32l4xx_hal_flash_ex.o(i.HAL_FLASHEx_OBGetConfig) refers to stm32l4xx_hal_flash_ex.o(i.FLASH_OB_GetPCROP) for FLASH_OB_GetPCROP
    stm32l4xx_hal_flash_ex.o(i.HAL_FLASHEx_OBProgram) refers to stm32l4xx_hal_flash_ex.o(i.FLASH_OB_WRPConfig) for FLASH_OB_WRPConfig
    stm32l4xx_hal_flash_ex.o(i.HAL_FLASHEx_OBProgram) refers to stm32l4xx_hal_flash.o(i.FLASH_WaitForLastOperation) for FLASH_WaitForLastOperation
    stm32l4xx_hal_flash_ex.o(i.HAL_FLASHEx_OBProgram) refers to stm32l4xx_hal_flash_ex.o(i.FLASH_OB_UserConfig) for FLASH_OB_UserConfig
    stm32l4xx_hal_flash_ex.o(i.HAL_FLASHEx_OBProgram) refers to stm32l4xx_hal_flash_ex.o(i.FLASH_OB_PCROPConfig) for FLASH_OB_PCROPConfig
    stm32l4xx_hal_flash_ex.o(i.HAL_FLASHEx_OBProgram) refers to stm32l4xx_hal_flash.o(.data) for pFlash
    stm32l4xx_hal_flash_ramfunc.o(i.HAL_FLASHEx_OB_DBankConfig) refers to stm32l4xx_hal_flash.o(.data) for pFlash
    stm32l4xx_hal_flash_ramfunc.o(i.HAL_FLASHEx_OB_DBankConfig) refers to system_stm32l4xx.o(.data) for SystemCoreClock
    stm32l4xx_hal_gpio.o(i.HAL_GPIO_EXTI_IRQHandler) refers to stm32l4xx_hal_gpio.o(i.HAL_GPIO_EXTI_Callback) for HAL_GPIO_EXTI_Callback
    stm32l4xx_hal_dma.o(i.HAL_DMA_DeInit) refers to stm32l4xx_hal_dma.o(i.DMA_CalcDMAMUXChannelBaseAndMask) for DMA_CalcDMAMUXChannelBaseAndMask
    stm32l4xx_hal_dma.o(i.HAL_DMA_DeInit) refers to stm32l4xx_hal_dma.o(i.DMA_CalcDMAMUXRequestGenBaseAndMask) for DMA_CalcDMAMUXRequestGenBaseAndMask
    stm32l4xx_hal_dma.o(i.HAL_DMA_Init) refers to stm32l4xx_hal_dma.o(i.DMA_CalcDMAMUXChannelBaseAndMask) for DMA_CalcDMAMUXChannelBaseAndMask
    stm32l4xx_hal_dma.o(i.HAL_DMA_Init) refers to stm32l4xx_hal_dma.o(i.DMA_CalcDMAMUXRequestGenBaseAndMask) for DMA_CalcDMAMUXRequestGenBaseAndMask
    stm32l4xx_hal_dma.o(i.HAL_DMA_PollForTransfer) refers to stm32l4xx_hal.o(i.HAL_GetTick) for HAL_GetTick
    stm32l4xx_hal_dma.o(i.HAL_DMA_Start) refers to stm32l4xx_hal_dma.o(i.DMA_SetConfig) for DMA_SetConfig
    stm32l4xx_hal_dma.o(i.HAL_DMA_Start_IT) refers to stm32l4xx_hal_dma.o(i.DMA_SetConfig) for DMA_SetConfig
    stm32l4xx_hal_pwr.o(i.HAL_PWR_EnterSLEEPMode) refers to stm32l4xx_hal_pwr_ex.o(i.HAL_PWREx_EnableLowPowerRunMode) for HAL_PWREx_EnableLowPowerRunMode
    stm32l4xx_hal_pwr.o(i.HAL_PWR_EnterSLEEPMode) refers to stm32l4xx_hal_pwr_ex.o(i.HAL_PWREx_DisableLowPowerRunMode) for HAL_PWREx_DisableLowPowerRunMode
    stm32l4xx_hal_pwr.o(i.HAL_PWR_EnterSTOPMode) refers to stm32l4xx_hal_pwr_ex.o(i.HAL_PWREx_EnterSTOP0Mode) for HAL_PWREx_EnterSTOP0Mode
    stm32l4xx_hal_pwr.o(i.HAL_PWR_EnterSTOPMode) refers to stm32l4xx_hal_pwr_ex.o(i.HAL_PWREx_EnterSTOP1Mode) for HAL_PWREx_EnterSTOP1Mode
    stm32l4xx_hal_pwr_ex.o(i.HAL_PWREx_ControlVoltageScaling) refers to system_stm32l4xx.o(.data) for SystemCoreClock
    stm32l4xx_hal_pwr_ex.o(i.HAL_PWREx_DisableLowPowerRunMode) refers to system_stm32l4xx.o(.data) for SystemCoreClock
    stm32l4xx_hal_pwr_ex.o(i.HAL_PWREx_DisableSRAM2ContentRetention) refers to stm32l4xx_hal_pwr_ex.o(i.HAL_PWREx_SetSRAM2ContentRetention) for HAL_PWREx_SetSRAM2ContentRetention
    stm32l4xx_hal_pwr_ex.o(i.HAL_PWREx_EnableSRAM2ContentRetention) refers to stm32l4xx_hal_pwr_ex.o(i.HAL_PWREx_SetSRAM2ContentRetention) for HAL_PWREx_SetSRAM2ContentRetention
    stm32l4xx_hal_pwr_ex.o(i.HAL_PWREx_PVD_PVM_IRQHandler) refers to stm32l4xx_hal_pwr.o(i.HAL_PWR_PVDCallback) for HAL_PWR_PVDCallback
    stm32l4xx_hal_pwr_ex.o(i.HAL_PWREx_PVD_PVM_IRQHandler) refers to stm32l4xx_hal_pwr_ex.o(i.HAL_PWREx_PVM1Callback) for HAL_PWREx_PVM1Callback
    stm32l4xx_hal_pwr_ex.o(i.HAL_PWREx_PVD_PVM_IRQHandler) refers to stm32l4xx_hal_pwr_ex.o(i.HAL_PWREx_PVM2Callback) for HAL_PWREx_PVM2Callback
    stm32l4xx_hal_pwr_ex.o(i.HAL_PWREx_PVD_PVM_IRQHandler) refers to stm32l4xx_hal_pwr_ex.o(i.HAL_PWREx_PVM3Callback) for HAL_PWREx_PVM3Callback
    stm32l4xx_hal_pwr_ex.o(i.HAL_PWREx_PVD_PVM_IRQHandler) refers to stm32l4xx_hal_pwr_ex.o(i.HAL_PWREx_PVM4Callback) for HAL_PWREx_PVM4Callback
    stm32l4xx_hal_cortex.o(i.HAL_NVIC_SetPriority) refers to stm32l4xx_hal_cortex.o(i.__NVIC_SetPriority) for __NVIC_SetPriority
    stm32l4xx_hal_cortex.o(i.HAL_SYSTICK_Config) refers to stm32l4xx_hal_cortex.o(i.__NVIC_SetPriority) for __NVIC_SetPriority
    stm32l4xx_hal_cortex.o(i.HAL_SYSTICK_IRQHandler) refers to stm32l4xx_hal_cortex.o(i.HAL_SYSTICK_Callback) for HAL_SYSTICK_Callback
    system_stm32l4xx.o(i.SystemCoreClockUpdate) refers to system_stm32l4xx.o(.constdata) for .constdata
    system_stm32l4xx.o(i.SystemCoreClockUpdate) refers to system_stm32l4xx.o(.data) for .data
    entry.o(.ARM.Collect$$$$00000000) refers (Special) to entry10a.o(.ARM.Collect$$$$0000000D) for __rt_final_cpp
    entry.o(.ARM.Collect$$$$00000000) refers (Special) to entry11a.o(.ARM.Collect$$$$0000000F) for __rt_final_exit
    entry.o(.ARM.Collect$$$$00000000) refers (Special) to entry7b.o(.ARM.Collect$$$$00000008) for _main_clock
    entry.o(.ARM.Collect$$$$00000000) refers (Special) to entry8b.o(.ARM.Collect$$$$0000000A) for _main_cpp_init
    entry.o(.ARM.Collect$$$$00000000) refers (Special) to entry9a.o(.ARM.Collect$$$$0000000B) for _main_init
    entry.o(.ARM.Collect$$$$00000000) refers (Special) to entry5.o(.ARM.Collect$$$$00000004) for _main_scatterload
    entry.o(.ARM.Collect$$$$00000000) refers (Special) to entry2.o(.ARM.Collect$$$$00000001) for _main_stk
    uldiv.o(.text) refers to llushr.o(.text) for __aeabi_llsr
    uldiv.o(.text) refers to llshl.o(.text) for __aeabi_llsl
    entry2.o(.ARM.Collect$$$$00000001) refers to entry2.o(.ARM.Collect$$$$00002712) for __lit__00000000
    entry2.o(.ARM.Collect$$$$00002712) refers to startup_stm32l4r5xx.o(STACK) for __initial_sp
    entry2.o(__vectab_stack_and_reset_area) refers to startup_stm32l4r5xx.o(STACK) for __initial_sp
    entry2.o(__vectab_stack_and_reset_area) refers to entry.o(.ARM.Collect$$$$00000000) for __main
    entry5.o(.ARM.Collect$$$$00000004) refers to init.o(.text) for __scatterload
    entry9a.o(.ARM.Collect$$$$0000000B) refers to main.o(i.main) for main
    entry9b.o(.ARM.Collect$$$$0000000C) refers to main.o(i.main) for main
    init.o(.text) refers to entry5.o(.ARM.Collect$$$$00000004) for __main_after_scatterload


==============================================================================

Removing Unused input sections from the image.

    Removing startup_stm32l4r5xx.o(HEAP), (8192 bytes).
    Removing main.o(.rev16_text), (4 bytes).
    Removing main.o(.revsh_text), (4 bytes).
    Removing main.o(.rrx_text), (6 bytes).
    Removing main.o(i._Error_Handler), (2 bytes).
    Removing stm32l4xx_it.o(.rev16_text), (4 bytes).
    Removing stm32l4xx_it.o(.revsh_text), (4 bytes).
    Removing stm32l4xx_it.o(.rrx_text), (6 bytes).
    Removing stm32l4xx_hal_msp.o(.rev16_text), (4 bytes).
    Removing stm32l4xx_hal_msp.o(.revsh_text), (4 bytes).
    Removing stm32l4xx_hal_msp.o(.rrx_text), (6 bytes).
    Removing stm32l4xx_hal_msp.o(i.HAL_UART_MspDeInit), (44 bytes).
    Removing stm32l4xx_ll_utils.o(.rev16_text), (4 bytes).
    Removing stm32l4xx_ll_utils.o(.revsh_text), (4 bytes).
    Removing stm32l4xx_ll_utils.o(.rrx_text), (6 bytes).
    Removing stm32l4xx_ll_utils.o(i.LL_Init1msTick), (26 bytes).
    Removing stm32l4xx_ll_utils.o(i.LL_PLL_ConfigSystemClock_HSE), (144 bytes).
    Removing stm32l4xx_ll_utils.o(i.LL_PLL_ConfigSystemClock_HSI), (124 bytes).
    Removing stm32l4xx_ll_utils.o(i.LL_PLL_ConfigSystemClock_MSI), (196 bytes).
    Removing stm32l4xx_ll_utils.o(i.LL_RCC_PLL_ConfigDomain_SYS), (32 bytes).
    Removing stm32l4xx_ll_utils.o(i.LL_RCC_SetAHBPrescaler), (20 bytes).
    Removing stm32l4xx_ll_utils.o(i.LL_SetSystemCoreClock), (12 bytes).
    Removing stm32l4xx_ll_utils.o(i.LL_mDelay), (30 bytes).
    Removing stm32l4xx_ll_utils.o(i.UTILS_EnablePLLAndSwitchSystem), (160 bytes).
    Removing stm32l4xx_ll_utils.o(i.UTILS_GetPLLOutputFrequency), (34 bytes).
    Removing stm32l4xx_ll_utils.o(i.UTILS_PLL_IsBusy), (44 bytes).
    Removing stm32l4xx_ll_utils.o(i.UTILS_SetFlashLatency), (140 bytes).
    Removing stm32l4xx_hal_uart.o(.rev16_text), (4 bytes).
    Removing stm32l4xx_hal_uart.o(.revsh_text), (4 bytes).
    Removing stm32l4xx_hal_uart.o(.rrx_text), (6 bytes).
    Removing stm32l4xx_hal_uart.o(i.HAL_HalfDuplex_EnableReceiver), (58 bytes).
    Removing stm32l4xx_hal_uart.o(i.HAL_HalfDuplex_EnableTransmitter), (58 bytes).
    Removing stm32l4xx_hal_uart.o(i.HAL_HalfDuplex_Init), (116 bytes).
    Removing stm32l4xx_hal_uart.o(i.HAL_LIN_Init), (140 bytes).
    Removing stm32l4xx_hal_uart.o(i.HAL_LIN_SendBreak), (46 bytes).
    Removing stm32l4xx_hal_uart.o(i.HAL_MultiProcessor_DisableMuteMode), (44 bytes).
    Removing stm32l4xx_hal_uart.o(i.HAL_MultiProcessor_EnableMuteMode), (44 bytes).
    Removing stm32l4xx_hal_uart.o(i.HAL_MultiProcessor_EnterMuteMode), (12 bytes).
    Removing stm32l4xx_hal_uart.o(i.HAL_MultiProcessor_Init), (138 bytes).
    Removing stm32l4xx_hal_uart.o(i.HAL_UART_Abort), (184 bytes).
    Removing stm32l4xx_hal_uart.o(i.HAL_UART_AbortCpltCallback), (2 bytes).
    Removing stm32l4xx_hal_uart.o(i.HAL_UART_AbortReceive), (112 bytes).
    Removing stm32l4xx_hal_uart.o(i.HAL_UART_AbortReceiveCpltCallback), (2 bytes).
    Removing stm32l4xx_hal_uart.o(i.HAL_UART_AbortReceive_IT), (128 bytes).
    Removing stm32l4xx_hal_uart.o(i.HAL_UART_AbortTransmit), (112 bytes).
    Removing stm32l4xx_hal_uart.o(i.HAL_UART_AbortTransmitCpltCallback), (2 bytes).
    Removing stm32l4xx_hal_uart.o(i.HAL_UART_AbortTransmit_IT), (120 bytes).
    Removing stm32l4xx_hal_uart.o(i.HAL_UART_Abort_IT), (220 bytes).
    Removing stm32l4xx_hal_uart.o(i.HAL_UART_DMAPause), (100 bytes).
    Removing stm32l4xx_hal_uart.o(i.HAL_UART_DMAResume), (92 bytes).
    Removing stm32l4xx_hal_uart.o(i.HAL_UART_DMAStop), (120 bytes).
    Removing stm32l4xx_hal_uart.o(i.HAL_UART_DeInit), (66 bytes).
    Removing stm32l4xx_hal_uart.o(i.HAL_UART_DisableReceiverTimeout), (68 bytes).
    Removing stm32l4xx_hal_uart.o(i.HAL_UART_EnableReceiverTimeout), (68 bytes).
    Removing stm32l4xx_hal_uart.o(i.HAL_UART_ErrorCallback), (2 bytes).
    Removing stm32l4xx_hal_uart.o(i.HAL_UART_GetError), (6 bytes).
    Removing stm32l4xx_hal_uart.o(i.HAL_UART_GetState), (12 bytes).
    Removing stm32l4xx_hal_uart.o(i.HAL_UART_IRQHandler), (452 bytes).
    Removing stm32l4xx_hal_uart.o(i.HAL_UART_MspDeInit), (2 bytes).
    Removing stm32l4xx_hal_uart.o(i.HAL_UART_MspInit), (2 bytes).
    Removing stm32l4xx_hal_uart.o(i.HAL_UART_Receive), (250 bytes).
    Removing stm32l4xx_hal_uart.o(i.HAL_UART_Receive_DMA), (164 bytes).
    Removing stm32l4xx_hal_uart.o(i.HAL_UART_Receive_IT), (252 bytes).
    Removing stm32l4xx_hal_uart.o(i.HAL_UART_ReceiverTimeout_Config), (24 bytes).
    Removing stm32l4xx_hal_uart.o(i.HAL_UART_RxCpltCallback), (2 bytes).
    Removing stm32l4xx_hal_uart.o(i.HAL_UART_RxHalfCpltCallback), (2 bytes).
    Removing stm32l4xx_hal_uart.o(i.HAL_UART_Transmit_DMA), (152 bytes).
    Removing stm32l4xx_hal_uart.o(i.HAL_UART_Transmit_IT), (156 bytes).
    Removing stm32l4xx_hal_uart.o(i.HAL_UART_TxCpltCallback), (2 bytes).
    Removing stm32l4xx_hal_uart.o(i.HAL_UART_TxHalfCpltCallback), (2 bytes).
    Removing stm32l4xx_hal_uart.o(i.UART_DMAAbortOnError), (20 bytes).
    Removing stm32l4xx_hal_uart.o(i.UART_DMAError), (80 bytes).
    Removing stm32l4xx_hal_uart.o(i.UART_DMAReceiveCplt), (62 bytes).
    Removing stm32l4xx_hal_uart.o(i.UART_DMARxAbortCallback), (64 bytes).
    Removing stm32l4xx_hal_uart.o(i.UART_DMARxHalfCplt), (10 bytes).
    Removing stm32l4xx_hal_uart.o(i.UART_DMARxOnlyAbortCallback), (38 bytes).
    Removing stm32l4xx_hal_uart.o(i.UART_DMATransmitCplt), (48 bytes).
    Removing stm32l4xx_hal_uart.o(i.UART_DMATxAbortCallback), (72 bytes).
    Removing stm32l4xx_hal_uart.o(i.UART_DMATxHalfCplt), (10 bytes).
    Removing stm32l4xx_hal_uart.o(i.UART_DMATxOnlyAbortCallback), (40 bytes).
    Removing stm32l4xx_hal_uart.o(i.UART_EndRxTransfer), (36 bytes).
    Removing stm32l4xx_hal_uart.o(i.UART_EndTxTransfer), (28 bytes).
    Removing stm32l4xx_hal_uart.o(i.UART_RxISR_16BIT), (94 bytes).
    Removing stm32l4xx_hal_uart.o(i.UART_RxISR_16BIT_FIFOEN), (160 bytes).
    Removing stm32l4xx_hal_uart.o(i.UART_RxISR_8BIT), (94 bytes).
    Removing stm32l4xx_hal_uart.o(i.UART_RxISR_8BIT_FIFOEN), (160 bytes).
    Removing stm32l4xx_hal_uart.o(i.UART_TxISR_16BIT), (66 bytes).
    Removing stm32l4xx_hal_uart.o(i.UART_TxISR_16BIT_FIFOEN), (88 bytes).
    Removing stm32l4xx_hal_uart.o(i.UART_TxISR_8BIT), (62 bytes).
    Removing stm32l4xx_hal_uart.o(i.UART_TxISR_8BIT_FIFOEN), (84 bytes).
    Removing stm32l4xx_hal_uart_ex.o(.rev16_text), (4 bytes).
    Removing stm32l4xx_hal_uart_ex.o(.revsh_text), (4 bytes).
    Removing stm32l4xx_hal_uart_ex.o(.rrx_text), (6 bytes).
    Removing stm32l4xx_hal_uart_ex.o(i.HAL_MultiProcessorEx_AddressLength_Set), (48 bytes).
    Removing stm32l4xx_hal_uart_ex.o(i.HAL_RS485Ex_Init), (140 bytes).
    Removing stm32l4xx_hal_uart_ex.o(i.HAL_UARTEx_DisableFifoMode), (62 bytes).
    Removing stm32l4xx_hal_uart_ex.o(i.HAL_UARTEx_DisableStopMode), (38 bytes).
    Removing stm32l4xx_hal_uart_ex.o(i.HAL_UARTEx_EnableFifoMode), (74 bytes).
    Removing stm32l4xx_hal_uart_ex.o(i.HAL_UARTEx_EnableStopMode), (38 bytes).
    Removing stm32l4xx_hal_uart_ex.o(i.HAL_UARTEx_RxFifoFullCallback), (2 bytes).
    Removing stm32l4xx_hal_uart_ex.o(i.HAL_UARTEx_StopModeWakeUpSourceConfig), (138 bytes).
    Removing stm32l4xx_hal_uart_ex.o(i.HAL_UARTEx_TxFifoEmptyCallback), (2 bytes).
    Removing stm32l4xx_hal_uart_ex.o(i.HAL_UARTEx_WakeupCallback), (2 bytes).
    Removing stm32l4xx_hal_tim.o(.rev16_text), (4 bytes).
    Removing stm32l4xx_hal_tim.o(.revsh_text), (4 bytes).
    Removing stm32l4xx_hal_tim.o(.rrx_text), (6 bytes).
    Removing stm32l4xx_hal_tim_ex.o(.rev16_text), (4 bytes).
    Removing stm32l4xx_hal_tim_ex.o(.revsh_text), (4 bytes).
    Removing stm32l4xx_hal_tim_ex.o(.rrx_text), (6 bytes).
    Removing stm32l4xx_hal.o(.rev16_text), (4 bytes).
    Removing stm32l4xx_hal.o(.revsh_text), (4 bytes).
    Removing stm32l4xx_hal.o(.rrx_text), (6 bytes).
    Removing stm32l4xx_hal.o(i.HAL_DBGMCU_DisableDBGSleepMode), (16 bytes).
    Removing stm32l4xx_hal.o(i.HAL_DBGMCU_DisableDBGStandbyMode), (16 bytes).
    Removing stm32l4xx_hal.o(i.HAL_DBGMCU_DisableDBGStopMode), (16 bytes).
    Removing stm32l4xx_hal.o(i.HAL_DBGMCU_EnableDBGSleepMode), (16 bytes).
    Removing stm32l4xx_hal.o(i.HAL_DBGMCU_EnableDBGStandbyMode), (16 bytes).
    Removing stm32l4xx_hal.o(i.HAL_DBGMCU_EnableDBGStopMode), (16 bytes).
    Removing stm32l4xx_hal.o(i.HAL_DeInit), (44 bytes).
    Removing stm32l4xx_hal.o(i.HAL_Delay), (36 bytes).
    Removing stm32l4xx_hal.o(i.HAL_GetDEVID), (16 bytes).
    Removing stm32l4xx_hal.o(i.HAL_GetHalVersion), (8 bytes).
    Removing stm32l4xx_hal.o(i.HAL_GetREVID), (12 bytes).
    Removing stm32l4xx_hal.o(i.HAL_GetTickFreq), (12 bytes).
    Removing stm32l4xx_hal.o(i.HAL_GetTickPrio), (12 bytes).
    Removing stm32l4xx_hal.o(i.HAL_GetUIDw0), (12 bytes).
    Removing stm32l4xx_hal.o(i.HAL_GetUIDw1), (12 bytes).
    Removing stm32l4xx_hal.o(i.HAL_GetUIDw2), (12 bytes).
    Removing stm32l4xx_hal.o(i.HAL_MspDeInit), (2 bytes).
    Removing stm32l4xx_hal.o(i.HAL_MspInit), (2 bytes).
    Removing stm32l4xx_hal.o(i.HAL_ResumeTick), (14 bytes).
    Removing stm32l4xx_hal.o(i.HAL_SYSCFG_DisableIOAnalogSwitchBooster), (16 bytes).
    Removing stm32l4xx_hal.o(i.HAL_SYSCFG_DisableMemorySwappingBank), (12 bytes).
    Removing stm32l4xx_hal.o(i.HAL_SYSCFG_DisableVREFBUF), (16 bytes).
    Removing stm32l4xx_hal.o(i.HAL_SYSCFG_EnableIOAnalogSwitchBooster), (16 bytes).
    Removing stm32l4xx_hal.o(i.HAL_SYSCFG_EnableMemorySwappingBank), (12 bytes).
    Removing stm32l4xx_hal.o(i.HAL_SYSCFG_EnableVREFBUF), (48 bytes).
    Removing stm32l4xx_hal.o(i.HAL_SYSCFG_SRAM2Erase), (28 bytes).
    Removing stm32l4xx_hal.o(i.HAL_SYSCFG_VREFBUF_HighImpedanceConfig), (20 bytes).
    Removing stm32l4xx_hal.o(i.HAL_SYSCFG_VREFBUF_TrimmingConfig), (20 bytes).
    Removing stm32l4xx_hal.o(i.HAL_SYSCFG_VREFBUF_VoltageScalingConfig), (20 bytes).
    Removing stm32l4xx_hal.o(i.HAL_SetTickFreq), (32 bytes).
    Removing stm32l4xx_hal.o(i.HAL_SuspendTick), (14 bytes).
    Removing stm32l4xx_hal_i2c.o(.rev16_text), (4 bytes).
    Removing stm32l4xx_hal_i2c.o(.revsh_text), (4 bytes).
    Removing stm32l4xx_hal_i2c.o(.rrx_text), (6 bytes).
    Removing stm32l4xx_hal_i2c.o(i.HAL_I2C_AbortCpltCallback), (2 bytes).
    Removing stm32l4xx_hal_i2c.o(i.HAL_I2C_AddrCallback), (2 bytes).
    Removing stm32l4xx_hal_i2c.o(i.HAL_I2C_DeInit), (50 bytes).
    Removing stm32l4xx_hal_i2c.o(i.HAL_I2C_DisableListen_IT), (54 bytes).
    Removing stm32l4xx_hal_i2c.o(i.HAL_I2C_ER_IRQHandler), (104 bytes).
    Removing stm32l4xx_hal_i2c.o(i.HAL_I2C_EV_IRQHandler), (16 bytes).
    Removing stm32l4xx_hal_i2c.o(i.HAL_I2C_EnableListen_IT), (40 bytes).
    Removing stm32l4xx_hal_i2c.o(i.HAL_I2C_ErrorCallback), (2 bytes).
    Removing stm32l4xx_hal_i2c.o(i.HAL_I2C_GetError), (4 bytes).
    Removing stm32l4xx_hal_i2c.o(i.HAL_I2C_GetMode), (6 bytes).
    Removing stm32l4xx_hal_i2c.o(i.HAL_I2C_GetState), (6 bytes).
    Removing stm32l4xx_hal_i2c.o(i.HAL_I2C_Init), (184 bytes).
    Removing stm32l4xx_hal_i2c.o(i.HAL_I2C_IsDeviceReady), (298 bytes).
    Removing stm32l4xx_hal_i2c.o(i.HAL_I2C_ListenCpltCallback), (2 bytes).
    Removing stm32l4xx_hal_i2c.o(i.HAL_I2C_MasterRxCpltCallback), (2 bytes).
    Removing stm32l4xx_hal_i2c.o(i.HAL_I2C_MasterTxCpltCallback), (2 bytes).
    Removing stm32l4xx_hal_i2c.o(i.HAL_I2C_Master_Abort_IT), (96 bytes).
    Removing stm32l4xx_hal_i2c.o(i.HAL_I2C_Master_Receive), (298 bytes).
    Removing stm32l4xx_hal_i2c.o(i.HAL_I2C_Master_Receive_DMA), (304 bytes).
    Removing stm32l4xx_hal_i2c.o(i.HAL_I2C_Master_Receive_IT), (136 bytes).
    Removing stm32l4xx_hal_i2c.o(i.HAL_I2C_Master_Seq_Receive_DMA), (342 bytes).
    Removing stm32l4xx_hal_i2c.o(i.HAL_I2C_Master_Seq_Receive_IT), (164 bytes).
    Removing stm32l4xx_hal_i2c.o(i.HAL_I2C_Master_Seq_Transmit_DMA), (342 bytes).
    Removing stm32l4xx_hal_i2c.o(i.HAL_I2C_Master_Seq_Transmit_IT), (160 bytes).
    Removing stm32l4xx_hal_i2c.o(i.HAL_I2C_Master_Transmit), (298 bytes).
    Removing stm32l4xx_hal_i2c.o(i.HAL_I2C_Master_Transmit_DMA), (304 bytes).
    Removing stm32l4xx_hal_i2c.o(i.HAL_I2C_Master_Transmit_IT), (136 bytes).
    Removing stm32l4xx_hal_i2c.o(i.HAL_I2C_MemRxCpltCallback), (2 bytes).
    Removing stm32l4xx_hal_i2c.o(i.HAL_I2C_MemTxCpltCallback), (2 bytes).
    Removing stm32l4xx_hal_i2c.o(i.HAL_I2C_Mem_Read), (362 bytes).
    Removing stm32l4xx_hal_i2c.o(i.HAL_I2C_Mem_Read_DMA), (326 bytes).
    Removing stm32l4xx_hal_i2c.o(i.HAL_I2C_Mem_Read_IT), (210 bytes).
    Removing stm32l4xx_hal_i2c.o(i.HAL_I2C_Mem_Write), (350 bytes).
    Removing stm32l4xx_hal_i2c.o(i.HAL_I2C_Mem_Write_DMA), (318 bytes).
    Removing stm32l4xx_hal_i2c.o(i.HAL_I2C_Mem_Write_IT), (202 bytes).
    Removing stm32l4xx_hal_i2c.o(i.HAL_I2C_MspDeInit), (2 bytes).
    Removing stm32l4xx_hal_i2c.o(i.HAL_I2C_MspInit), (2 bytes).
    Removing stm32l4xx_hal_i2c.o(i.HAL_I2C_SlaveRxCpltCallback), (2 bytes).
    Removing stm32l4xx_hal_i2c.o(i.HAL_I2C_SlaveTxCpltCallback), (2 bytes).
    Removing stm32l4xx_hal_i2c.o(i.HAL_I2C_Slave_Receive), (304 bytes).
    Removing stm32l4xx_hal_i2c.o(i.HAL_I2C_Slave_Receive_DMA), (220 bytes).
    Removing stm32l4xx_hal_i2c.o(i.HAL_I2C_Slave_Receive_IT), (92 bytes).
    Removing stm32l4xx_hal_i2c.o(i.HAL_I2C_Slave_Seq_Receive_DMA), (360 bytes).
    Removing stm32l4xx_hal_i2c.o(i.HAL_I2C_Slave_Seq_Receive_IT), (196 bytes).
    Removing stm32l4xx_hal_i2c.o(i.HAL_I2C_Slave_Seq_Transmit_DMA), (360 bytes).
    Removing stm32l4xx_hal_i2c.o(i.HAL_I2C_Slave_Seq_Transmit_IT), (196 bytes).
    Removing stm32l4xx_hal_i2c.o(i.HAL_I2C_Slave_Transmit), (308 bytes).
    Removing stm32l4xx_hal_i2c.o(i.HAL_I2C_Slave_Transmit_DMA), (212 bytes).
    Removing stm32l4xx_hal_i2c.o(i.HAL_I2C_Slave_Transmit_IT), (92 bytes).
    Removing stm32l4xx_hal_i2c.o(i.I2C_ConvertOtherXferOptions), (26 bytes).
    Removing stm32l4xx_hal_i2c.o(i.I2C_DMAAbort), (40 bytes).
    Removing stm32l4xx_hal_i2c.o(i.I2C_DMAError), (18 bytes).
    Removing stm32l4xx_hal_i2c.o(i.I2C_DMAMasterReceiveCplt), (78 bytes).
    Removing stm32l4xx_hal_i2c.o(i.I2C_DMAMasterTransmitCplt), (78 bytes).
    Removing stm32l4xx_hal_i2c.o(i.I2C_DMASlaveReceiveCplt), (36 bytes).
    Removing stm32l4xx_hal_i2c.o(i.I2C_DMASlaveTransmitCplt), (30 bytes).
    Removing stm32l4xx_hal_i2c.o(i.I2C_Disable_IRQ), (84 bytes).
    Removing stm32l4xx_hal_i2c.o(i.I2C_Enable_IRQ), (92 bytes).
    Removing stm32l4xx_hal_i2c.o(i.I2C_Flush_TXDR), (34 bytes).
    Removing stm32l4xx_hal_i2c.o(i.I2C_ITAddrCplt), (136 bytes).
    Removing stm32l4xx_hal_i2c.o(i.I2C_ITError), (224 bytes).
    Removing stm32l4xx_hal_i2c.o(i.I2C_ITListenCplt), (96 bytes).
    Removing stm32l4xx_hal_i2c.o(i.I2C_ITMasterCplt), (180 bytes).
    Removing stm32l4xx_hal_i2c.o(i.I2C_ITMasterSeqCplt), (76 bytes).
    Removing stm32l4xx_hal_i2c.o(i.I2C_ITSlaveCplt), (240 bytes).
    Removing stm32l4xx_hal_i2c.o(i.I2C_ITSlaveSeqCplt), (84 bytes).
    Removing stm32l4xx_hal_i2c.o(i.I2C_IsAcknowledgeFailed), (132 bytes).
    Removing stm32l4xx_hal_i2c.o(i.I2C_Master_ISR_DMA), (272 bytes).
    Removing stm32l4xx_hal_i2c.o(i.I2C_Master_ISR_IT), (296 bytes).
    Removing stm32l4xx_hal_i2c.o(i.I2C_RequestMemoryRead), (100 bytes).
    Removing stm32l4xx_hal_i2c.o(i.I2C_RequestMemoryWrite), (100 bytes).
    Removing stm32l4xx_hal_i2c.o(i.I2C_Slave_ISR_DMA), (236 bytes).
    Removing stm32l4xx_hal_i2c.o(i.I2C_Slave_ISR_IT), (288 bytes).
    Removing stm32l4xx_hal_i2c.o(i.I2C_TransferConfig), (44 bytes).
    Removing stm32l4xx_hal_i2c.o(i.I2C_WaitOnFlagUntilTimeout), (88 bytes).
    Removing stm32l4xx_hal_i2c.o(i.I2C_WaitOnRXNEFlagUntilTimeout), (132 bytes).
    Removing stm32l4xx_hal_i2c.o(i.I2C_WaitOnSTOPFlagUntilTimeout), (76 bytes).
    Removing stm32l4xx_hal_i2c.o(i.I2C_WaitOnTXISFlagUntilTimeout), (80 bytes).
    Removing stm32l4xx_hal_i2c_ex.o(.rev16_text), (4 bytes).
    Removing stm32l4xx_hal_i2c_ex.o(.revsh_text), (4 bytes).
    Removing stm32l4xx_hal_i2c_ex.o(.rrx_text), (6 bytes).
    Removing stm32l4xx_hal_i2c_ex.o(i.HAL_I2CEx_ConfigAnalogFilter), (86 bytes).
    Removing stm32l4xx_hal_i2c_ex.o(i.HAL_I2CEx_ConfigDigitalFilter), (82 bytes).
    Removing stm32l4xx_hal_i2c_ex.o(i.HAL_I2CEx_DisableFastModePlus), (40 bytes).
    Removing stm32l4xx_hal_i2c_ex.o(i.HAL_I2CEx_DisableWakeUp), (78 bytes).
    Removing stm32l4xx_hal_i2c_ex.o(i.HAL_I2CEx_EnableFastModePlus), (40 bytes).
    Removing stm32l4xx_hal_i2c_ex.o(i.HAL_I2CEx_EnableWakeUp), (78 bytes).
    Removing stm32l4xx_hal_rcc.o(.rev16_text), (4 bytes).
    Removing stm32l4xx_hal_rcc.o(.revsh_text), (4 bytes).
    Removing stm32l4xx_hal_rcc.o(.rrx_text), (6 bytes).
    Removing stm32l4xx_hal_rcc.o(i.HAL_RCC_CSSCallback), (2 bytes).
    Removing stm32l4xx_hal_rcc.o(i.HAL_RCC_DeInit), (232 bytes).
    Removing stm32l4xx_hal_rcc.o(i.HAL_RCC_EnableCSS), (16 bytes).
    Removing stm32l4xx_hal_rcc.o(i.HAL_RCC_GetClockConfig), (64 bytes).
    Removing stm32l4xx_hal_rcc.o(i.HAL_RCC_GetOscConfig), (228 bytes).
    Removing stm32l4xx_hal_rcc.o(i.HAL_RCC_MCOConfig), (72 bytes).
    Removing stm32l4xx_hal_rcc.o(i.HAL_RCC_NMI_IRQHandler), (24 bytes).
    Removing stm32l4xx_hal_rcc_ex.o(.rev16_text), (4 bytes).
    Removing stm32l4xx_hal_rcc_ex.o(.revsh_text), (4 bytes).
    Removing stm32l4xx_hal_rcc_ex.o(.rrx_text), (6 bytes).
    Removing stm32l4xx_hal_rcc_ex.o(i.HAL_RCCEx_CRSConfig), (76 bytes).
    Removing stm32l4xx_hal_rcc_ex.o(i.HAL_RCCEx_CRSGetSynchronizationInfo), (36 bytes).
    Removing stm32l4xx_hal_rcc_ex.o(i.HAL_RCCEx_CRSSoftwareSynchronizationGenerate), (16 bytes).
    Removing stm32l4xx_hal_rcc_ex.o(i.HAL_RCCEx_CRSWaitSynchronization), (132 bytes).
    Removing stm32l4xx_hal_rcc_ex.o(i.HAL_RCCEx_CRS_ErrorCallback), (2 bytes).
    Removing stm32l4xx_hal_rcc_ex.o(i.HAL_RCCEx_CRS_ExpectedSyncCallback), (2 bytes).
    Removing stm32l4xx_hal_rcc_ex.o(i.HAL_RCCEx_CRS_IRQHandler), (108 bytes).
    Removing stm32l4xx_hal_rcc_ex.o(i.HAL_RCCEx_CRS_SyncOkCallback), (2 bytes).
    Removing stm32l4xx_hal_rcc_ex.o(i.HAL_RCCEx_CRS_SyncWarnCallback), (2 bytes).
    Removing stm32l4xx_hal_rcc_ex.o(i.HAL_RCCEx_DisableLSCO), (88 bytes).
    Removing stm32l4xx_hal_rcc_ex.o(i.HAL_RCCEx_DisableLSECSS), (28 bytes).
    Removing stm32l4xx_hal_rcc_ex.o(i.HAL_RCCEx_DisableMSIPLLMode), (16 bytes).
    Removing stm32l4xx_hal_rcc_ex.o(i.HAL_RCCEx_DisablePLLSAI1), (80 bytes).
    Removing stm32l4xx_hal_rcc_ex.o(i.HAL_RCCEx_DisablePLLSAI2), (80 bytes).
    Removing stm32l4xx_hal_rcc_ex.o(i.HAL_RCCEx_EnableLSCO), (140 bytes).
    Removing stm32l4xx_hal_rcc_ex.o(i.HAL_RCCEx_EnableLSECSS), (20 bytes).
    Removing stm32l4xx_hal_rcc_ex.o(i.HAL_RCCEx_EnableLSECSS_IT), (56 bytes).
    Removing stm32l4xx_hal_rcc_ex.o(i.HAL_RCCEx_EnableMSIPLLMode), (16 bytes).
    Removing stm32l4xx_hal_rcc_ex.o(i.HAL_RCCEx_EnablePLLSAI1), (160 bytes).
    Removing stm32l4xx_hal_rcc_ex.o(i.HAL_RCCEx_EnablePLLSAI2), (160 bytes).
    Removing stm32l4xx_hal_rcc_ex.o(i.HAL_RCCEx_GetPeriphCLKConfig), (368 bytes).
    Removing stm32l4xx_hal_rcc_ex.o(i.HAL_RCCEx_GetPeriphCLKFreq), (1116 bytes).
    Removing stm32l4xx_hal_rcc_ex.o(i.HAL_RCCEx_LSECSS_Callback), (2 bytes).
    Removing stm32l4xx_hal_rcc_ex.o(i.HAL_RCCEx_LSECSS_IRQHandler), (24 bytes).
    Removing stm32l4xx_hal_rcc_ex.o(i.HAL_RCCEx_OCTOSPIDelayConfig), (24 bytes).
    Removing stm32l4xx_hal_rcc_ex.o(i.HAL_RCCEx_StandbyMSIRangeConfig), (24 bytes).
    Removing stm32l4xx_hal_rcc_ex.o(i.HAL_RCCEx_WakeUpStopCLKConfig), (20 bytes).
    Removing stm32l4xx_hal_rcc_ex.o(i.RCCEx_GetSAIxPeriphCLKFreq), (268 bytes).
    Removing stm32l4xx_hal_flash.o(.rev16_text), (4 bytes).
    Removing stm32l4xx_hal_flash.o(.revsh_text), (4 bytes).
    Removing stm32l4xx_hal_flash.o(.rrx_text), (6 bytes).
    Removing stm32l4xx_hal_flash.o(i.FLASH_Program_DoubleWord), (28 bytes).
    Removing stm32l4xx_hal_flash.o(i.FLASH_Program_Fast), (44 bytes).
    Removing stm32l4xx_hal_flash.o(i.FLASH_WaitForLastOperation), (100 bytes).
    Removing stm32l4xx_hal_flash.o(i.HAL_FLASH_EndOfOperationCallback), (2 bytes).
    Removing stm32l4xx_hal_flash.o(i.HAL_FLASH_GetError), (12 bytes).
    Removing stm32l4xx_hal_flash.o(i.HAL_FLASH_IRQHandler), (244 bytes).
    Removing stm32l4xx_hal_flash.o(i.HAL_FLASH_Lock), (20 bytes).
    Removing stm32l4xx_hal_flash.o(i.HAL_FLASH_OB_Launch), (24 bytes).
    Removing stm32l4xx_hal_flash.o(i.HAL_FLASH_OB_Lock), (20 bytes).
    Removing stm32l4xx_hal_flash.o(i.HAL_FLASH_OB_Unlock), (36 bytes).
    Removing stm32l4xx_hal_flash.o(i.HAL_FLASH_OperationErrorCallback), (2 bytes).
    Removing stm32l4xx_hal_flash.o(i.HAL_FLASH_Program), (170 bytes).
    Removing stm32l4xx_hal_flash.o(i.HAL_FLASH_Program_IT), (120 bytes).
    Removing stm32l4xx_hal_flash.o(i.HAL_FLASH_Unlock), (40 bytes).
    Removing stm32l4xx_hal_flash.o(.data), (32 bytes).
    Removing stm32l4xx_hal_flash_ex.o(.rev16_text), (4 bytes).
    Removing stm32l4xx_hal_flash_ex.o(.revsh_text), (4 bytes).
    Removing stm32l4xx_hal_flash_ex.o(.rrx_text), (6 bytes).
    Removing stm32l4xx_hal_flash_ex.o(i.FLASH_FlushCaches), (84 bytes).
    Removing stm32l4xx_hal_flash_ex.o(i.FLASH_MassErase), (56 bytes).
    Removing stm32l4xx_hal_flash_ex.o(i.FLASH_OB_GetPCROP), (220 bytes).
    Removing stm32l4xx_hal_flash_ex.o(i.FLASH_OB_PCROPConfig), (272 bytes).
    Removing stm32l4xx_hal_flash_ex.o(i.FLASH_OB_UserConfig), (276 bytes).
    Removing stm32l4xx_hal_flash_ex.o(i.FLASH_OB_WRPConfig), (124 bytes).
    Removing stm32l4xx_hal_flash_ex.o(i.FLASH_PageErase), (60 bytes).
    Removing stm32l4xx_hal_flash_ex.o(i.HAL_FLASHEx_ConfigLVEPin), (92 bytes).
    Removing stm32l4xx_hal_flash_ex.o(i.HAL_FLASHEx_Erase), (234 bytes).
    Removing stm32l4xx_hal_flash_ex.o(i.HAL_FLASHEx_Erase_IT), (148 bytes).
    Removing stm32l4xx_hal_flash_ex.o(i.HAL_FLASHEx_OBGetConfig), (152 bytes).
    Removing stm32l4xx_hal_flash_ex.o(i.HAL_FLASHEx_OBProgram), (172 bytes).
    Removing stm32l4xx_hal_flash_ramfunc.o(.rev16_text), (4 bytes).
    Removing stm32l4xx_hal_flash_ramfunc.o(.revsh_text), (4 bytes).
    Removing stm32l4xx_hal_flash_ramfunc.o(.rrx_text), (6 bytes).
    Removing stm32l4xx_hal_flash_ramfunc.o(i.HAL_FLASHEx_DisableRunPowerDown), (36 bytes).
    Removing stm32l4xx_hal_flash_ramfunc.o(i.HAL_FLASHEx_EnableRunPowerDown), (36 bytes).
    Removing stm32l4xx_hal_flash_ramfunc.o(i.HAL_FLASHEx_OB_DBankConfig), (292 bytes).
    Removing stm32l4xx_hal_gpio.o(.rev16_text), (4 bytes).
    Removing stm32l4xx_hal_gpio.o(.revsh_text), (4 bytes).
    Removing stm32l4xx_hal_gpio.o(.rrx_text), (6 bytes).
    Removing stm32l4xx_hal_gpio.o(i.HAL_GPIO_DeInit), (370 bytes).
    Removing stm32l4xx_hal_gpio.o(i.HAL_GPIO_EXTI_Callback), (2 bytes).
    Removing stm32l4xx_hal_gpio.o(i.HAL_GPIO_EXTI_IRQHandler), (24 bytes).
    Removing stm32l4xx_hal_gpio.o(i.HAL_GPIO_LockPin), (34 bytes).
    Removing stm32l4xx_hal_gpio.o(i.HAL_GPIO_ReadPin), (10 bytes).
    Removing stm32l4xx_hal_gpio.o(i.HAL_GPIO_TogglePin), (14 bytes).
    Removing stm32l4xx_hal_dma.o(.rev16_text), (4 bytes).
    Removing stm32l4xx_hal_dma.o(.revsh_text), (4 bytes).
    Removing stm32l4xx_hal_dma.o(.rrx_text), (6 bytes).
    Removing stm32l4xx_hal_dma.o(i.DMA_CalcDMAMUXChannelBaseAndMask), (64 bytes).
    Removing stm32l4xx_hal_dma.o(i.DMA_CalcDMAMUXRequestGenBaseAndMask), (36 bytes).
    Removing stm32l4xx_hal_dma.o(i.DMA_SetConfig), (62 bytes).
    Removing stm32l4xx_hal_dma.o(i.HAL_DMA_Abort), (108 bytes).
    Removing stm32l4xx_hal_dma.o(i.HAL_DMA_Abort_IT), (112 bytes).
    Removing stm32l4xx_hal_dma.o(i.HAL_DMA_DeInit), (168 bytes).
    Removing stm32l4xx_hal_dma.o(i.HAL_DMA_GetError), (4 bytes).
    Removing stm32l4xx_hal_dma.o(i.HAL_DMA_GetState), (6 bytes).
    Removing stm32l4xx_hal_dma.o(i.HAL_DMA_IRQHandler), (186 bytes).
    Removing stm32l4xx_hal_dma.o(i.HAL_DMA_Init), (192 bytes).
    Removing stm32l4xx_hal_dma.o(i.HAL_DMA_PollForTransfer), (280 bytes).
    Removing stm32l4xx_hal_dma.o(i.HAL_DMA_RegisterCallback), (74 bytes).
    Removing stm32l4xx_hal_dma.o(i.HAL_DMA_Start), (80 bytes).
    Removing stm32l4xx_hal_dma.o(i.HAL_DMA_Start_IT), (140 bytes).
    Removing stm32l4xx_hal_dma.o(i.HAL_DMA_UnRegisterCallback), (82 bytes).
    Removing stm32l4xx_hal_dma_ex.o(.rev16_text), (4 bytes).
    Removing stm32l4xx_hal_dma_ex.o(.revsh_text), (4 bytes).
    Removing stm32l4xx_hal_dma_ex.o(.rrx_text), (6 bytes).
    Removing stm32l4xx_hal_dma_ex.o(i.HAL_DMAEx_ConfigMuxRequestGenerator), (68 bytes).
    Removing stm32l4xx_hal_dma_ex.o(i.HAL_DMAEx_ConfigMuxSync), (84 bytes).
    Removing stm32l4xx_hal_dma_ex.o(i.HAL_DMAEx_DisableMuxRequestGenerator), (26 bytes).
    Removing stm32l4xx_hal_dma_ex.o(i.HAL_DMAEx_EnableMuxRequestGenerator), (26 bytes).
    Removing stm32l4xx_hal_dma_ex.o(i.HAL_DMAEx_MUX_IRQHandler), (100 bytes).
    Removing stm32l4xx_hal_pwr.o(.rev16_text), (4 bytes).
    Removing stm32l4xx_hal_pwr.o(.revsh_text), (4 bytes).
    Removing stm32l4xx_hal_pwr.o(.rrx_text), (6 bytes).
    Removing stm32l4xx_hal_pwr.o(i.HAL_PWR_ConfigPVD), (128 bytes).
    Removing stm32l4xx_hal_pwr.o(i.HAL_PWR_DeInit), (24 bytes).
    Removing stm32l4xx_hal_pwr.o(i.HAL_PWR_DisableBkUpAccess), (16 bytes).
    Removing stm32l4xx_hal_pwr.o(i.HAL_PWR_DisablePVD), (16 bytes).
    Removing stm32l4xx_hal_pwr.o(i.HAL_PWR_DisableSEVOnPend), (16 bytes).
    Removing stm32l4xx_hal_pwr.o(i.HAL_PWR_DisableSleepOnExit), (16 bytes).
    Removing stm32l4xx_hal_pwr.o(i.HAL_PWR_DisableWakeUpPin), (20 bytes).
    Removing stm32l4xx_hal_pwr.o(i.HAL_PWR_EnableBkUpAccess), (16 bytes).
    Removing stm32l4xx_hal_pwr.o(i.HAL_PWR_EnablePVD), (16 bytes).
    Removing stm32l4xx_hal_pwr.o(i.HAL_PWR_EnableSEVOnPend), (16 bytes).
    Removing stm32l4xx_hal_pwr.o(i.HAL_PWR_EnableSleepOnExit), (16 bytes).
    Removing stm32l4xx_hal_pwr.o(i.HAL_PWR_EnableWakeUpPin), (28 bytes).
    Removing stm32l4xx_hal_pwr.o(i.HAL_PWR_EnterSLEEPMode), (72 bytes).
    Removing stm32l4xx_hal_pwr.o(i.HAL_PWR_EnterSTANDBYMode), (36 bytes).
    Removing stm32l4xx_hal_pwr.o(i.HAL_PWR_EnterSTOPMode), (16 bytes).
    Removing stm32l4xx_hal_pwr.o(i.HAL_PWR_PVDCallback), (2 bytes).
    Removing stm32l4xx_hal_pwr_ex.o(.rev16_text), (4 bytes).
    Removing stm32l4xx_hal_pwr_ex.o(.revsh_text), (4 bytes).
    Removing stm32l4xx_hal_pwr_ex.o(.rrx_text), (6 bytes).
    Removing stm32l4xx_hal_pwr_ex.o(i.HAL_PWREx_ConfigPVM), (400 bytes).
    Removing stm32l4xx_hal_pwr_ex.o(i.HAL_PWREx_DisableBatteryCharging), (16 bytes).
    Removing stm32l4xx_hal_pwr_ex.o(i.HAL_PWREx_DisableDSIPinsPDActivation), (16 bytes).
    Removing stm32l4xx_hal_pwr_ex.o(i.HAL_PWREx_DisableGPIOPullDown), (120 bytes).
    Removing stm32l4xx_hal_pwr_ex.o(i.HAL_PWREx_DisableGPIOPullUp), (116 bytes).
    Removing stm32l4xx_hal_pwr_ex.o(i.HAL_PWREx_DisableInternalWakeUpLine), (16 bytes).
    Removing stm32l4xx_hal_pwr_ex.o(i.HAL_PWREx_DisableLowPowerRunMode), (68 bytes).
    Removing stm32l4xx_hal_pwr_ex.o(i.HAL_PWREx_DisablePVM1), (16 bytes).
    Removing stm32l4xx_hal_pwr_ex.o(i.HAL_PWREx_DisablePVM2), (16 bytes).
    Removing stm32l4xx_hal_pwr_ex.o(i.HAL_PWREx_DisablePVM3), (16 bytes).
    Removing stm32l4xx_hal_pwr_ex.o(i.HAL_PWREx_DisablePVM4), (16 bytes).
    Removing stm32l4xx_hal_pwr_ex.o(i.HAL_PWREx_DisablePullUpPullDownConfig), (16 bytes).
    Removing stm32l4xx_hal_pwr_ex.o(i.HAL_PWREx_DisableSRAM2ContentRetention), (6 bytes).
    Removing stm32l4xx_hal_pwr_ex.o(i.HAL_PWREx_DisableSRAM3ContentRetention), (16 bytes).
    Removing stm32l4xx_hal_pwr_ex.o(i.HAL_PWREx_DisableVddIO2), (16 bytes).
    Removing stm32l4xx_hal_pwr_ex.o(i.HAL_PWREx_DisableVddUSB), (16 bytes).
    Removing stm32l4xx_hal_pwr_ex.o(i.HAL_PWREx_EnableBatteryCharging), (28 bytes).
    Removing stm32l4xx_hal_pwr_ex.o(i.HAL_PWREx_EnableDSIPinsPDActivation), (16 bytes).
    Removing stm32l4xx_hal_pwr_ex.o(i.HAL_PWREx_EnableGPIOPullDown), (180 bytes).
    Removing stm32l4xx_hal_pwr_ex.o(i.HAL_PWREx_EnableGPIOPullUp), (180 bytes).
    Removing stm32l4xx_hal_pwr_ex.o(i.HAL_PWREx_EnableInternalWakeUpLine), (16 bytes).
    Removing stm32l4xx_hal_pwr_ex.o(i.HAL_PWREx_EnableLowPowerRunMode), (16 bytes).
    Removing stm32l4xx_hal_pwr_ex.o(i.HAL_PWREx_EnablePVM1), (16 bytes).
    Removing stm32l4xx_hal_pwr_ex.o(i.HAL_PWREx_EnablePVM2), (16 bytes).
    Removing stm32l4xx_hal_pwr_ex.o(i.HAL_PWREx_EnablePVM3), (16 bytes).
    Removing stm32l4xx_hal_pwr_ex.o(i.HAL_PWREx_EnablePVM4), (16 bytes).
    Removing stm32l4xx_hal_pwr_ex.o(i.HAL_PWREx_EnablePullUpPullDownConfig), (16 bytes).
    Removing stm32l4xx_hal_pwr_ex.o(i.HAL_PWREx_EnableSRAM2ContentRetention), (8 bytes).
    Removing stm32l4xx_hal_pwr_ex.o(i.HAL_PWREx_EnableSRAM3ContentRetention), (16 bytes).
    Removing stm32l4xx_hal_pwr_ex.o(i.HAL_PWREx_EnableVddUSB), (16 bytes).
    Removing stm32l4xx_hal_pwr_ex.o(i.HAL_PWREx_EnterSHUTDOWNMode), (36 bytes).
    Removing stm32l4xx_hal_pwr_ex.o(i.HAL_PWREx_EnterSTOP0Mode), (52 bytes).
    Removing stm32l4xx_hal_pwr_ex.o(i.HAL_PWREx_EnterSTOP1Mode), (56 bytes).
    Removing stm32l4xx_hal_pwr_ex.o(i.HAL_PWREx_EnterSTOP2Mode), (56 bytes).
    Removing stm32l4xx_hal_pwr_ex.o(i.HAL_PWREx_PVD_PVM_IRQHandler), (88 bytes).
    Removing stm32l4xx_hal_pwr_ex.o(i.HAL_PWREx_PVM1Callback), (2 bytes).
    Removing stm32l4xx_hal_pwr_ex.o(i.HAL_PWREx_PVM2Callback), (2 bytes).
    Removing stm32l4xx_hal_pwr_ex.o(i.HAL_PWREx_PVM3Callback), (2 bytes).
    Removing stm32l4xx_hal_pwr_ex.o(i.HAL_PWREx_PVM4Callback), (2 bytes).
    Removing stm32l4xx_hal_pwr_ex.o(i.HAL_PWREx_SetSRAM2ContentRetention), (40 bytes).
    Removing stm32l4xx_hal_cortex.o(.rev16_text), (4 bytes).
    Removing stm32l4xx_hal_cortex.o(.revsh_text), (4 bytes).
    Removing stm32l4xx_hal_cortex.o(.rrx_text), (6 bytes).
    Removing stm32l4xx_hal_cortex.o(i.HAL_MPU_ConfigRegion), (84 bytes).
    Removing stm32l4xx_hal_cortex.o(i.HAL_MPU_Disable), (16 bytes).
    Removing stm32l4xx_hal_cortex.o(i.HAL_MPU_Enable), (24 bytes).
    Removing stm32l4xx_hal_cortex.o(i.HAL_NVIC_ClearPendingIRQ), (26 bytes).
    Removing stm32l4xx_hal_cortex.o(i.HAL_NVIC_DisableIRQ), (34 bytes).
    Removing stm32l4xx_hal_cortex.o(i.HAL_NVIC_EnableIRQ), (26 bytes).
    Removing stm32l4xx_hal_cortex.o(i.HAL_NVIC_GetActive), (36 bytes).
    Removing stm32l4xx_hal_cortex.o(i.HAL_NVIC_GetPendingIRQ), (36 bytes).
    Removing stm32l4xx_hal_cortex.o(i.HAL_NVIC_GetPriority), (82 bytes).
    Removing stm32l4xx_hal_cortex.o(i.HAL_NVIC_GetPriorityGrouping), (16 bytes).
    Removing stm32l4xx_hal_cortex.o(i.HAL_NVIC_SetPendingIRQ), (26 bytes).
    Removing stm32l4xx_hal_cortex.o(i.HAL_NVIC_SystemReset), (36 bytes).
    Removing system_stm32l4xx.o(.rev16_text), (4 bytes).
    Removing system_stm32l4xx.o(.revsh_text), (4 bytes).
    Removing system_stm32l4xx.o(.rrx_text), (6 bytes).
    Removing system_stm32l4xx.o(i.SystemCoreClockUpdate), (168 bytes).

429 unused section(s) (total 38780 bytes) removed from the image.

==============================================================================

Image Symbol Table

    Local Symbols

    Symbol Name                              Value     Ov Type        Size  Object(Section)

    ..//Src/system_stm32l4xx.c               0x00000000   Number         0  system_stm32l4xx.o ABSOLUTE
    ../Drivers/STM32L4xx_HAL_Driver/Src/stm32l4xx_hal.c 0x00000000   Number         0  stm32l4xx_hal.o ABSOLUTE
    ../Drivers/STM32L4xx_HAL_Driver/Src/stm32l4xx_hal_cortex.c 0x00000000   Number         0  stm32l4xx_hal_cortex.o ABSOLUTE
    ../Drivers/STM32L4xx_HAL_Driver/Src/stm32l4xx_hal_dma.c 0x00000000   Number         0  stm32l4xx_hal_dma.o ABSOLUTE
    ../Drivers/STM32L4xx_HAL_Driver/Src/stm32l4xx_hal_dma_ex.c 0x00000000   Number         0  stm32l4xx_hal_dma_ex.o ABSOLUTE
    ../Drivers/STM32L4xx_HAL_Driver/Src/stm32l4xx_hal_flash.c 0x00000000   Number         0  stm32l4xx_hal_flash.o ABSOLUTE
    ../Drivers/STM32L4xx_HAL_Driver/Src/stm32l4xx_hal_flash_ex.c 0x00000000   Number         0  stm32l4xx_hal_flash_ex.o ABSOLUTE
    ../Drivers/STM32L4xx_HAL_Driver/Src/stm32l4xx_hal_flash_ramfunc.c 0x00000000   Number         0  stm32l4xx_hal_flash_ramfunc.o ABSOLUTE
    ../Drivers/STM32L4xx_HAL_Driver/Src/stm32l4xx_hal_gpio.c 0x00000000   Number         0  stm32l4xx_hal_gpio.o ABSOLUTE
    ../Drivers/STM32L4xx_HAL_Driver/Src/stm32l4xx_hal_i2c.c 0x00000000   Number         0  stm32l4xx_hal_i2c.o ABSOLUTE
    ../Drivers/STM32L4xx_HAL_Driver/Src/stm32l4xx_hal_i2c_ex.c 0x00000000   Number         0  stm32l4xx_hal_i2c_ex.o ABSOLUTE
    ../Drivers/STM32L4xx_HAL_Driver/Src/stm32l4xx_hal_pwr.c 0x00000000   Number         0  stm32l4xx_hal_pwr.o ABSOLUTE
    ../Drivers/STM32L4xx_HAL_Driver/Src/stm32l4xx_hal_pwr_ex.c 0x00000000   Number         0  stm32l4xx_hal_pwr_ex.o ABSOLUTE
    ../Drivers/STM32L4xx_HAL_Driver/Src/stm32l4xx_hal_rcc.c 0x00000000   Number         0  stm32l4xx_hal_rcc.o ABSOLUTE
    ../Drivers/STM32L4xx_HAL_Driver/Src/stm32l4xx_hal_rcc_ex.c 0x00000000   Number         0  stm32l4xx_hal_rcc_ex.o ABSOLUTE
    ../Drivers/STM32L4xx_HAL_Driver/Src/stm32l4xx_hal_tim.c 0x00000000   Number         0  stm32l4xx_hal_tim.o ABSOLUTE
    ../Drivers/STM32L4xx_HAL_Driver/Src/stm32l4xx_hal_tim_ex.c 0x00000000   Number         0  stm32l4xx_hal_tim_ex.o ABSOLUTE
    ../Drivers/STM32L4xx_HAL_Driver/Src/stm32l4xx_hal_uart.c 0x00000000   Number         0  stm32l4xx_hal_uart.o ABSOLUTE
    ../Drivers/STM32L4xx_HAL_Driver/Src/stm32l4xx_hal_uart_ex.c 0x00000000   Number         0  stm32l4xx_hal_uart_ex.o ABSOLUTE
    ../Drivers/STM32L4xx_HAL_Driver/Src/stm32l4xx_ll_exti.c 0x00000000   Number         0  stm32l4xx_ll_exti.o ABSOLUTE
    ../Drivers/STM32L4xx_HAL_Driver/Src/stm32l4xx_ll_gpio.c 0x00000000   Number         0  stm32l4xx_ll_gpio.o ABSOLUTE
    ../Drivers/STM32L4xx_HAL_Driver/Src/stm32l4xx_ll_utils.c 0x00000000   Number         0  stm32l4xx_ll_utils.o ABSOLUTE
    ../Src/main.c                            0x00000000   Number         0  main.o ABSOLUTE
    ../Src/stm32l4xx_hal_msp.c               0x00000000   Number         0  stm32l4xx_hal_msp.o ABSOLUTE
    ../Src/stm32l4xx_it.c                    0x00000000   Number         0  stm32l4xx_it.o ABSOLUTE
    ../clib/microlib/division.c              0x00000000   Number         0  uldiv.o ABSOLUTE
    ../clib/microlib/init/entry.s            0x00000000   Number         0  entry.o ABSOLUTE
    ../clib/microlib/init/entry.s            0x00000000   Number         0  entry5.o ABSOLUTE
    ../clib/microlib/init/entry.s            0x00000000   Number         0  entry10a.o ABSOLUTE
    ../clib/microlib/init/entry.s            0x00000000   Number         0  entry2.o ABSOLUTE
    ../clib/microlib/init/entry.s            0x00000000   Number         0  entry9b.o ABSOLUTE
    ../clib/microlib/init/entry.s            0x00000000   Number         0  entry8b.o ABSOLUTE
    ../clib/microlib/init/entry.s            0x00000000   Number         0  entry8a.o ABSOLUTE
    ../clib/microlib/init/entry.s            0x00000000   Number         0  entry7b.o ABSOLUTE
    ../clib/microlib/init/entry.s            0x00000000   Number         0  entry7a.o ABSOLUTE
    ../clib/microlib/init/entry.s            0x00000000   Number         0  entry10b.o ABSOLUTE
    ../clib/microlib/init/entry.s            0x00000000   Number         0  entry9a.o ABSOLUTE
    ../clib/microlib/init/entry.s            0x00000000   Number         0  entry11a.o ABSOLUTE
    ../clib/microlib/init/entry.s            0x00000000   Number         0  entry11b.o ABSOLUTE
    ../clib/microlib/longlong.c              0x00000000   Number         0  llshl.o ABSOLUTE
    ../clib/microlib/longlong.c              0x00000000   Number         0  llushr.o ABSOLUTE
    ../clib/microlib/string/strlen.c         0x00000000   Number         0  strlen.o ABSOLUTE
    ..\Drivers\STM32L4xx_HAL_Driver\Src\stm32l4xx_hal.c 0x00000000   Number         0  stm32l4xx_hal.o ABSOLUTE
    ..\Drivers\STM32L4xx_HAL_Driver\Src\stm32l4xx_hal_cortex.c 0x00000000   Number         0  stm32l4xx_hal_cortex.o ABSOLUTE
    ..\Drivers\STM32L4xx_HAL_Driver\Src\stm32l4xx_hal_dma.c 0x00000000   Number         0  stm32l4xx_hal_dma.o ABSOLUTE
    ..\Drivers\STM32L4xx_HAL_Driver\Src\stm32l4xx_hal_dma_ex.c 0x00000000   Number         0  stm32l4xx_hal_dma_ex.o ABSOLUTE
    ..\Drivers\STM32L4xx_HAL_Driver\Src\stm32l4xx_hal_flash.c 0x00000000   Number         0  stm32l4xx_hal_flash.o ABSOLUTE
    ..\Drivers\STM32L4xx_HAL_Driver\Src\stm32l4xx_hal_flash_ex.c 0x00000000   Number         0  stm32l4xx_hal_flash_ex.o ABSOLUTE
    ..\Drivers\STM32L4xx_HAL_Driver\Src\stm32l4xx_hal_flash_ramfunc.c 0x00000000   Number         0  stm32l4xx_hal_flash_ramfunc.o ABSOLUTE
    ..\Drivers\STM32L4xx_HAL_Driver\Src\stm32l4xx_hal_gpio.c 0x00000000   Number         0  stm32l4xx_hal_gpio.o ABSOLUTE
    ..\Drivers\STM32L4xx_HAL_Driver\Src\stm32l4xx_hal_i2c.c 0x00000000   Number         0  stm32l4xx_hal_i2c.o ABSOLUTE
    ..\Drivers\STM32L4xx_HAL_Driver\Src\stm32l4xx_hal_i2c_ex.c 0x00000000   Number         0  stm32l4xx_hal_i2c_ex.o ABSOLUTE
    ..\Drivers\STM32L4xx_HAL_Driver\Src\stm32l4xx_hal_pwr.c 0x00000000   Number         0  stm32l4xx_hal_pwr.o ABSOLUTE
    ..\Drivers\STM32L4xx_HAL_Driver\Src\stm32l4xx_hal_pwr_ex.c 0x00000000   Number         0  stm32l4xx_hal_pwr_ex.o ABSOLUTE
    ..\Drivers\STM32L4xx_HAL_Driver\Src\stm32l4xx_hal_rcc.c 0x00000000   Number         0  stm32l4xx_hal_rcc.o ABSOLUTE
    ..\Drivers\STM32L4xx_HAL_Driver\Src\stm32l4xx_hal_rcc_ex.c 0x00000000   Number         0  stm32l4xx_hal_rcc_ex.o ABSOLUTE
    ..\Drivers\STM32L4xx_HAL_Driver\Src\stm32l4xx_hal_tim.c 0x00000000   Number         0  stm32l4xx_hal_tim.o ABSOLUTE
    ..\Drivers\STM32L4xx_HAL_Driver\Src\stm32l4xx_hal_tim_ex.c 0x00000000   Number         0  stm32l4xx_hal_tim_ex.o ABSOLUTE
    ..\Drivers\STM32L4xx_HAL_Driver\Src\stm32l4xx_hal_uart.c 0x00000000   Number         0  stm32l4xx_hal_uart.o ABSOLUTE
    ..\Drivers\STM32L4xx_HAL_Driver\Src\stm32l4xx_hal_uart_ex.c 0x00000000   Number         0  stm32l4xx_hal_uart_ex.o ABSOLUTE
    ..\Drivers\STM32L4xx_HAL_Driver\Src\stm32l4xx_ll_utils.c 0x00000000   Number         0  stm32l4xx_ll_utils.o ABSOLUTE
    ..\Src\main.c                            0x00000000   Number         0  main.o ABSOLUTE
    ..\Src\stm32l4xx_hal_msp.c               0x00000000   Number         0  stm32l4xx_hal_msp.o ABSOLUTE
    ..\Src\stm32l4xx_it.c                    0x00000000   Number         0  stm32l4xx_it.o ABSOLUTE
    ..\\Src\system_stm32l4xx.c               0x00000000   Number         0  system_stm32l4xx.o ABSOLUTE
    dc.s                                     0x00000000   Number         0  dc.o ABSOLUTE
    handlers.s                               0x00000000   Number         0  handlers.o ABSOLUTE
    init.s                                   0x00000000   Number         0  init.o ABSOLUTE
    startup_stm32l4r5xx.s                    0x00000000   Number         0  startup_stm32l4r5xx.o ABSOLUTE
    RESET                                    0x08000000   Section      444  startup_stm32l4r5xx.o(RESET)
    .ARM.Collect$$$$00000000                 0x080001bc   Section        0  entry.o(.ARM.Collect$$$$00000000)
    .ARM.Collect$$$$00000001                 0x080001bc   Section        4  entry2.o(.ARM.Collect$$$$00000001)
    .ARM.Collect$$$$00000004                 0x080001c0   Section        4  entry5.o(.ARM.Collect$$$$00000004)
    .ARM.Collect$$$$00000008                 0x080001c4   Section        0  entry7b.o(.ARM.Collect$$$$00000008)
    .ARM.Collect$$$$0000000A                 0x080001c4   Section        0  entry8b.o(.ARM.Collect$$$$0000000A)
    .ARM.Collect$$$$0000000B                 0x080001c4   Section        8  entry9a.o(.ARM.Collect$$$$0000000B)
    .ARM.Collect$$$$0000000D                 0x080001cc   Section        0  entry10a.o(.ARM.Collect$$$$0000000D)
    .ARM.Collect$$$$0000000F                 0x080001cc   Section        0  entry11a.o(.ARM.Collect$$$$0000000F)
    .ARM.Collect$$$$00002712                 0x080001cc   Section        4  entry2.o(.ARM.Collect$$$$00002712)
    __lit__00000000                          0x080001cc   Data           4  entry2.o(.ARM.Collect$$$$00002712)
    .text                                    0x080001d0   Section       36  startup_stm32l4r5xx.o(.text)
    $v0                                      0x080001d0   Number         0  startup_stm32l4r5xx.o(.text)
    .text                                    0x080001f4   Section        0  uldiv.o(.text)
    .text                                    0x0800025c   Section        0  strlen.o(.text)
    .text                                    0x0800026a   Section        0  llshl.o(.text)
    .text                                    0x08000288   Section        0  llushr.o(.text)
    .text                                    0x080002a8   Section       36  init.o(.text)
    i.HAL_GPIO_Init                          0x080002cc   Section        0  stm32l4xx_hal_gpio.o(i.HAL_GPIO_Init)
    i.HAL_GPIO_WritePin                      0x0800048a   Section        0  stm32l4xx_hal_gpio.o(i.HAL_GPIO_WritePin)
    i.HAL_GetTick                            0x08000494   Section        0  stm32l4xx_hal.o(i.HAL_GetTick)
    i.HAL_IncTick                            0x080004a0   Section        0  stm32l4xx_hal.o(i.HAL_IncTick)
    i.HAL_Init                               0x080004b0   Section        0  stm32l4xx_hal.o(i.HAL_Init)
    i.HAL_InitTick                           0x080004d0   Section        0  stm32l4xx_hal.o(i.HAL_InitTick)
    i.HAL_MspInit                            0x08000514   Section        0  stm32l4xx_hal_msp.o(i.HAL_MspInit)
    i.HAL_NVIC_SetPriority                   0x08000594   Section        0  stm32l4xx_hal_cortex.o(i.HAL_NVIC_SetPriority)
    i.HAL_NVIC_SetPriorityGrouping           0x080005d4   Section        0  stm32l4xx_hal_cortex.o(i.HAL_NVIC_SetPriorityGrouping)
    i.HAL_PWREx_ControlVoltageScaling        0x080005f8   Section        0  stm32l4xx_hal_pwr_ex.o(i.HAL_PWREx_ControlVoltageScaling)
    i.HAL_PWREx_EnableVddIO2                 0x080006b4   Section        0  stm32l4xx_hal_pwr_ex.o(i.HAL_PWREx_EnableVddIO2)
    i.HAL_PWREx_GetVoltageRange              0x080006c4   Section        0  stm32l4xx_hal_pwr_ex.o(i.HAL_PWREx_GetVoltageRange)
    i.HAL_RCCEx_PeriphCLKConfig              0x080006ec   Section        0  stm32l4xx_hal_rcc_ex.o(i.HAL_RCCEx_PeriphCLKConfig)
    i.HAL_RCC_ClockConfig                    0x08000b0c   Section        0  stm32l4xx_hal_rcc.o(i.HAL_RCC_ClockConfig)
    i.HAL_RCC_GetHCLKFreq                    0x08000c90   Section        0  stm32l4xx_hal_rcc.o(i.HAL_RCC_GetHCLKFreq)
    i.HAL_RCC_GetPCLK1Freq                   0x08000c9c   Section        0  stm32l4xx_hal_rcc.o(i.HAL_RCC_GetPCLK1Freq)
    i.HAL_RCC_GetPCLK2Freq                   0x08000cc0   Section        0  stm32l4xx_hal_rcc.o(i.HAL_RCC_GetPCLK2Freq)
    i.HAL_RCC_GetSysClockFreq                0x08000ce4   Section        0  stm32l4xx_hal_rcc.o(i.HAL_RCC_GetSysClockFreq)
    i.HAL_RCC_OscConfig                      0x08000d88   Section        0  stm32l4xx_hal_rcc.o(i.HAL_RCC_OscConfig)
    i.HAL_SYSTICK_CLKSourceConfig            0x08001300   Section        0  stm32l4xx_hal_cortex.o(i.HAL_SYSTICK_CLKSourceConfig)
    i.HAL_SYSTICK_Callback                   0x08001318   Section        0  stm32l4xx_hal_cortex.o(i.HAL_SYSTICK_Callback)
    i.HAL_SYSTICK_Config                     0x0800131a   Section        0  stm32l4xx_hal_cortex.o(i.HAL_SYSTICK_Config)
    i.HAL_SYSTICK_IRQHandler                 0x08001342   Section        0  stm32l4xx_hal_cortex.o(i.HAL_SYSTICK_IRQHandler)
    i.HAL_UARTEx_SetRxFifoThreshold          0x0800134a   Section        0  stm32l4xx_hal_uart_ex.o(i.HAL_UARTEx_SetRxFifoThreshold)
    i.HAL_UARTEx_SetTxFifoThreshold          0x08001396   Section        0  stm32l4xx_hal_uart_ex.o(i.HAL_UARTEx_SetTxFifoThreshold)
    i.HAL_UART_Init                          0x080013e2   Section        0  stm32l4xx_hal_uart.o(i.HAL_UART_Init)
    i.HAL_UART_MspInit                       0x0800144c   Section        0  stm32l4xx_hal_msp.o(i.HAL_UART_MspInit)
    i.HAL_UART_Transmit                      0x08001498   Section        0  stm32l4xx_hal_uart.o(i.HAL_UART_Transmit)
    i.MX_GPIO_Init                           0x08001554   Section        0  main.o(i.MX_GPIO_Init)
    MX_GPIO_Init                             0x08001555   Thumb Code   466  main.o(i.MX_GPIO_Init)
    i.MX_LPUART1_UART_Init                   0x08001754   Section        0  main.o(i.MX_LPUART1_UART_Init)
    MX_LPUART1_UART_Init                     0x08001755   Thumb Code    72  main.o(i.MX_LPUART1_UART_Init)
    i.RCCEx_PLLSAI1_Config                   0x080017a4   Section        0  stm32l4xx_hal_rcc_ex.o(i.RCCEx_PLLSAI1_Config)
    RCCEx_PLLSAI1_Config                     0x080017a5   Thumb Code   274  stm32l4xx_hal_rcc_ex.o(i.RCCEx_PLLSAI1_Config)
    i.RCCEx_PLLSAI2_Config                   0x080018cc   Section        0  stm32l4xx_hal_rcc_ex.o(i.RCCEx_PLLSAI2_Config)
    RCCEx_PLLSAI2_Config                     0x080018cd   Thumb Code   274  stm32l4xx_hal_rcc_ex.o(i.RCCEx_PLLSAI2_Config)
    i.RCC_GetSysClockFreqFromPLLSource       0x080019f4   Section        0  stm32l4xx_hal_rcc.o(i.RCC_GetSysClockFreqFromPLLSource)
    RCC_GetSysClockFreqFromPLLSource         0x080019f5   Thumb Code   100  stm32l4xx_hal_rcc.o(i.RCC_GetSysClockFreqFromPLLSource)
    i.RCC_SetFlashLatencyFromMSIRange        0x08001a68   Section        0  stm32l4xx_hal_rcc.o(i.RCC_SetFlashLatencyFromMSIRange)
    RCC_SetFlashLatencyFromMSIRange          0x08001a69   Thumb Code   108  stm32l4xx_hal_rcc.o(i.RCC_SetFlashLatencyFromMSIRange)
    i.SysTick_Handler                        0x08001adc   Section        0  stm32l4xx_it.o(i.SysTick_Handler)
    i.SystemClock_Config                     0x08001aea   Section        0  main.o(i.SystemClock_Config)
    i.SystemInit                             0x08001b78   Section        0  system_stm32l4xx.o(i.SystemInit)
    i.UARTEx_SetNbDataToProcess              0x08001bbc   Section        0  stm32l4xx_hal_uart_ex.o(i.UARTEx_SetNbDataToProcess)
    UARTEx_SetNbDataToProcess                0x08001bbd   Thumb Code    82  stm32l4xx_hal_uart_ex.o(i.UARTEx_SetNbDataToProcess)
    i.UART_AdvFeatureConfig                  0x08001c20   Section        0  stm32l4xx_hal_uart.o(i.UART_AdvFeatureConfig)
    i.UART_CheckIdleState                    0x08001ce8   Section        0  stm32l4xx_hal_uart.o(i.UART_CheckIdleState)
    i.UART_SetConfig                         0x08001d48   Section        0  stm32l4xx_hal_uart.o(i.UART_SetConfig)
    i.UART_WaitOnFlagUntilTimeout            0x080024c0   Section        0  stm32l4xx_hal_uart.o(i.UART_WaitOnFlagUntilTimeout)
    i.__NVIC_SetPriority                     0x08002564   Section        0  stm32l4xx_hal_cortex.o(i.__NVIC_SetPriority)
    __NVIC_SetPriority                       0x08002565   Thumb Code    32  stm32l4xx_hal_cortex.o(i.__NVIC_SetPriority)
    i.__scatterload_copy                     0x08002584   Section       14  handlers.o(i.__scatterload_copy)
    i.__scatterload_null                     0x08002592   Section        2  handlers.o(i.__scatterload_null)
    i.__scatterload_zeroinit                 0x08002594   Section       14  handlers.o(i.__scatterload_zeroinit)
    i.main                                   0x080025a4   Section        0  main.o(i.main)
    .constdata                               0x080025e4   Section       64  system_stm32l4xx.o(.constdata)
    .constdata                               0x08002624   Section        8  system_stm32l4xx.o(.constdata)
    .conststring                             0x0800262c   Section       11  main.o(.conststring)
    .data                                    0x20000000   Section        8  main.o(.data)
    .data                                    0x20000008   Section       12  stm32l4xx_hal.o(.data)
    .data                                    0x20000014   Section        4  system_stm32l4xx.o(.data)
    .bss                                     0x20000018   Section      140  main.o(.bss)
    STACK                                    0x200000a8   Section    16384  startup_stm32l4r5xx.o(STACK)

    Global Symbols

    Symbol Name                              Value     Ov Type        Size  Object(Section)

    BuildAttributes$$THM_ISAv4$E$P$D$K$B$S$7EM$VFPi3$EXTD16$VFPS$VFMA$PE$A:L22UL41UL21$X:L11$S22US41US21$IEEE1$IW$USESV6$~STKCKD$USESV7$~SHL$OSPACE$EBA8$MICROLIB$REQ8$PRES8$EABIv2 0x00000000   Number         0  anon$$obj.o ABSOLUTE
    __ARM_use_no_argv                        0x00000000   Number         0  main.o ABSOLUTE
    __cpp_initialize__aeabi_                  - Undefined Weak Reference
    __cxa_finalize                            - Undefined Weak Reference
    __decompress                              - Undefined Weak Reference
    _clock_init                               - Undefined Weak Reference
    _microlib_exit                            - Undefined Weak Reference
    __Vectors_Size                           0x000001bc   Number         0  startup_stm32l4r5xx.o ABSOLUTE
    __Vectors                                0x08000000   Data           4  startup_stm32l4r5xx.o(RESET)
    __Vectors_End                            0x080001bc   Data           0  startup_stm32l4r5xx.o(RESET)
    __main                                   0x080001bd   Thumb Code     0  entry.o(.ARM.Collect$$$$00000000)
    _main_stk                                0x080001bd   Thumb Code     0  entry2.o(.ARM.Collect$$$$00000001)
    _main_scatterload                        0x080001c1   Thumb Code     0  entry5.o(.ARM.Collect$$$$00000004)
    __main_after_scatterload                 0x080001c5   Thumb Code     0  entry5.o(.ARM.Collect$$$$00000004)
    _main_clock                              0x080001c5   Thumb Code     0  entry7b.o(.ARM.Collect$$$$00000008)
    _main_cpp_init                           0x080001c5   Thumb Code     0  entry8b.o(.ARM.Collect$$$$0000000A)
    _main_init                               0x080001c5   Thumb Code     0  entry9a.o(.ARM.Collect$$$$0000000B)
    __rt_final_cpp                           0x080001cd   Thumb Code     0  entry10a.o(.ARM.Collect$$$$0000000D)
    __rt_final_exit                          0x080001cd   Thumb Code     0  entry11a.o(.ARM.Collect$$$$0000000F)
    Reset_Handler                            0x080001d1   Thumb Code     8  startup_stm32l4r5xx.o(.text)
    NMI_Handler                              0x080001d9   Thumb Code     2  startup_stm32l4r5xx.o(.text)
    HardFault_Handler                        0x080001db   Thumb Code     2  startup_stm32l4r5xx.o(.text)
    MemManage_Handler                        0x080001dd   Thumb Code     2  startup_stm32l4r5xx.o(.text)
    BusFault_Handler                         0x080001df   Thumb Code     2  startup_stm32l4r5xx.o(.text)
    UsageFault_Handler                       0x080001e1   Thumb Code     2  startup_stm32l4r5xx.o(.text)
    SVC_Handler                              0x080001e3   Thumb Code     2  startup_stm32l4r5xx.o(.text)
    DebugMon_Handler                         0x080001e5   Thumb Code     2  startup_stm32l4r5xx.o(.text)
    PendSV_Handler                           0x080001e7   Thumb Code     2  startup_stm32l4r5xx.o(.text)
    ADC1_IRQHandler                          0x080001eb   Thumb Code     0  startup_stm32l4r5xx.o(.text)
    CAN1_RX0_IRQHandler                      0x080001eb   Thumb Code     0  startup_stm32l4r5xx.o(.text)
    CAN1_RX1_IRQHandler                      0x080001eb   Thumb Code     0  startup_stm32l4r5xx.o(.text)
    CAN1_SCE_IRQHandler                      0x080001eb   Thumb Code     0  startup_stm32l4r5xx.o(.text)
    CAN1_TX_IRQHandler                       0x080001eb   Thumb Code     0  startup_stm32l4r5xx.o(.text)
    COMP_IRQHandler                          0x080001eb   Thumb Code     0  startup_stm32l4r5xx.o(.text)
    CRS_IRQHandler                           0x080001eb   Thumb Code     0  startup_stm32l4r5xx.o(.text)
    DCMI_IRQHandler                          0x080001eb   Thumb Code     0  startup_stm32l4r5xx.o(.text)
    DFSDM1_FLT0_IRQHandler                   0x080001eb   Thumb Code     0  startup_stm32l4r5xx.o(.text)
    DFSDM1_FLT1_IRQHandler                   0x080001eb   Thumb Code     0  startup_stm32l4r5xx.o(.text)
    DFSDM1_FLT2_IRQHandler                   0x080001eb   Thumb Code     0  startup_stm32l4r5xx.o(.text)
    DFSDM1_FLT3_IRQHandler                   0x080001eb   Thumb Code     0  startup_stm32l4r5xx.o(.text)
    DMA1_Channel1_IRQHandler                 0x080001eb   Thumb Code     0  startup_stm32l4r5xx.o(.text)
    DMA1_Channel2_IRQHandler                 0x080001eb   Thumb Code     0  startup_stm32l4r5xx.o(.text)
    DMA1_Channel3_IRQHandler                 0x080001eb   Thumb Code     0  startup_stm32l4r5xx.o(.text)
    DMA1_Channel4_IRQHandler                 0x080001eb   Thumb Code     0  startup_stm32l4r5xx.o(.text)
    DMA1_Channel5_IRQHandler                 0x080001eb   Thumb Code     0  startup_stm32l4r5xx.o(.text)
    DMA1_Channel6_IRQHandler                 0x080001eb   Thumb Code     0  startup_stm32l4r5xx.o(.text)
    DMA1_Channel7_IRQHandler                 0x080001eb   Thumb Code     0  startup_stm32l4r5xx.o(.text)
    DMA2D_IRQHandler                         0x080001eb   Thumb Code     0  startup_stm32l4r5xx.o(.text)
    DMA2_Channel1_IRQHandler                 0x080001eb   Thumb Code     0  startup_stm32l4r5xx.o(.text)
    DMA2_Channel2_IRQHandler                 0x080001eb   Thumb Code     0  startup_stm32l4r5xx.o(.text)
    DMA2_Channel3_IRQHandler                 0x080001eb   Thumb Code     0  startup_stm32l4r5xx.o(.text)
    DMA2_Channel4_IRQHandler                 0x080001eb   Thumb Code     0  startup_stm32l4r5xx.o(.text)
    DMA2_Channel5_IRQHandler                 0x080001eb   Thumb Code     0  startup_stm32l4r5xx.o(.text)
    DMA2_Channel6_IRQHandler                 0x080001eb   Thumb Code     0  startup_stm32l4r5xx.o(.text)
    DMA2_Channel7_IRQHandler                 0x080001eb   Thumb Code     0  startup_stm32l4r5xx.o(.text)
    DMAMUX1_OVR_IRQHandler                   0x080001eb   Thumb Code     0  startup_stm32l4r5xx.o(.text)
    EXTI0_IRQHandler                         0x080001eb   Thumb Code     0  startup_stm32l4r5xx.o(.text)
    EXTI15_10_IRQHandler                     0x080001eb   Thumb Code     0  startup_stm32l4r5xx.o(.text)
    EXTI1_IRQHandler                         0x080001eb   Thumb Code     0  startup_stm32l4r5xx.o(.text)
    EXTI2_IRQHandler                         0x080001eb   Thumb Code     0  startup_stm32l4r5xx.o(.text)
    EXTI3_IRQHandler                         0x080001eb   Thumb Code     0  startup_stm32l4r5xx.o(.text)
    EXTI4_IRQHandler                         0x080001eb   Thumb Code     0  startup_stm32l4r5xx.o(.text)
    EXTI9_5_IRQHandler                       0x080001eb   Thumb Code     0  startup_stm32l4r5xx.o(.text)
    FLASH_IRQHandler                         0x080001eb   Thumb Code     0  startup_stm32l4r5xx.o(.text)
    FMC_IRQHandler                           0x080001eb   Thumb Code     0  startup_stm32l4r5xx.o(.text)
    FPU_IRQHandler                           0x080001eb   Thumb Code     0  startup_stm32l4r5xx.o(.text)
    GFXMMU_IRQHandler                        0x080001eb   Thumb Code     0  startup_stm32l4r5xx.o(.text)
    I2C1_ER_IRQHandler                       0x080001eb   Thumb Code     0  startup_stm32l4r5xx.o(.text)
    I2C1_EV_IRQHandler                       0x080001eb   Thumb Code     0  startup_stm32l4r5xx.o(.text)
    I2C2_ER_IRQHandler                       0x080001eb   Thumb Code     0  startup_stm32l4r5xx.o(.text)
    I2C2_EV_IRQHandler                       0x080001eb   Thumb Code     0  startup_stm32l4r5xx.o(.text)
    I2C3_ER_IRQHandler                       0x080001eb   Thumb Code     0  startup_stm32l4r5xx.o(.text)
    I2C3_EV_IRQHandler                       0x080001eb   Thumb Code     0  startup_stm32l4r5xx.o(.text)
    I2C4_ER_IRQHandler                       0x080001eb   Thumb Code     0  startup_stm32l4r5xx.o(.text)
    I2C4_EV_IRQHandler                       0x080001eb   Thumb Code     0  startup_stm32l4r5xx.o(.text)
    LPTIM1_IRQHandler                        0x080001eb   Thumb Code     0  startup_stm32l4r5xx.o(.text)
    LPTIM2_IRQHandler                        0x080001eb   Thumb Code     0  startup_stm32l4r5xx.o(.text)
    LPUART1_IRQHandler                       0x080001eb   Thumb Code     0  startup_stm32l4r5xx.o(.text)
    LTDC_ER_IRQHandler                       0x080001eb   Thumb Code     0  startup_stm32l4r5xx.o(.text)
    LTDC_IRQHandler                          0x080001eb   Thumb Code     0  startup_stm32l4r5xx.o(.text)
    OCTOSPI1_IRQHandler                      0x080001eb   Thumb Code     0  startup_stm32l4r5xx.o(.text)
    OCTOSPI2_IRQHandler                      0x080001eb   Thumb Code     0  startup_stm32l4r5xx.o(.text)
    OTG_FS_IRQHandler                        0x080001eb   Thumb Code     0  startup_stm32l4r5xx.o(.text)
    PVD_PVM_IRQHandler                       0x080001eb   Thumb Code     0  startup_stm32l4r5xx.o(.text)
    RCC_IRQHandler                           0x080001eb   Thumb Code     0  startup_stm32l4r5xx.o(.text)
    RNG_IRQHandler                           0x080001eb   Thumb Code     0  startup_stm32l4r5xx.o(.text)
    RTC_Alarm_IRQHandler                     0x080001eb   Thumb Code     0  startup_stm32l4r5xx.o(.text)
    RTC_WKUP_IRQHandler                      0x080001eb   Thumb Code     0  startup_stm32l4r5xx.o(.text)
    SAI1_IRQHandler                          0x080001eb   Thumb Code     0  startup_stm32l4r5xx.o(.text)
    SAI2_IRQHandler                          0x080001eb   Thumb Code     0  startup_stm32l4r5xx.o(.text)
    SDMMC1_IRQHandler                        0x080001eb   Thumb Code     0  startup_stm32l4r5xx.o(.text)
    SPI1_IRQHandler                          0x080001eb   Thumb Code     0  startup_stm32l4r5xx.o(.text)
    SPI2_IRQHandler                          0x080001eb   Thumb Code     0  startup_stm32l4r5xx.o(.text)
    SPI3_IRQHandler                          0x080001eb   Thumb Code     0  startup_stm32l4r5xx.o(.text)
    TAMP_STAMP_IRQHandler                    0x080001eb   Thumb Code     0  startup_stm32l4r5xx.o(.text)
    TIM1_BRK_TIM15_IRQHandler                0x080001eb   Thumb Code     0  startup_stm32l4r5xx.o(.text)
    TIM1_CC_IRQHandler                       0x080001eb   Thumb Code     0  startup_stm32l4r5xx.o(.text)
    TIM1_TRG_COM_TIM17_IRQHandler            0x080001eb   Thumb Code     0  startup_stm32l4r5xx.o(.text)
    TIM1_UP_TIM16_IRQHandler                 0x080001eb   Thumb Code     0  startup_stm32l4r5xx.o(.text)
    TIM2_IRQHandler                          0x080001eb   Thumb Code     0  startup_stm32l4r5xx.o(.text)
    TIM3_IRQHandler                          0x080001eb   Thumb Code     0  startup_stm32l4r5xx.o(.text)
    TIM4_IRQHandler                          0x080001eb   Thumb Code     0  startup_stm32l4r5xx.o(.text)
    TIM5_IRQHandler                          0x080001eb   Thumb Code     0  startup_stm32l4r5xx.o(.text)
    TIM6_DAC_IRQHandler                      0x080001eb   Thumb Code     0  startup_stm32l4r5xx.o(.text)
    TIM7_IRQHandler                          0x080001eb   Thumb Code     0  startup_stm32l4r5xx.o(.text)
    TIM8_BRK_IRQHandler                      0x080001eb   Thumb Code     0  startup_stm32l4r5xx.o(.text)
    TIM8_CC_IRQHandler                       0x080001eb   Thumb Code     0  startup_stm32l4r5xx.o(.text)
    TIM8_TRG_COM_IRQHandler                  0x080001eb   Thumb Code     0  startup_stm32l4r5xx.o(.text)
    TIM8_UP_IRQHandler                       0x080001eb   Thumb Code     0  startup_stm32l4r5xx.o(.text)
    TSC_IRQHandler                           0x080001eb   Thumb Code     0  startup_stm32l4r5xx.o(.text)
    UART4_IRQHandler                         0x080001eb   Thumb Code     0  startup_stm32l4r5xx.o(.text)
    UART5_IRQHandler                         0x080001eb   Thumb Code     0  startup_stm32l4r5xx.o(.text)
    USART1_IRQHandler                        0x080001eb   Thumb Code     0  startup_stm32l4r5xx.o(.text)
    USART2_IRQHandler                        0x080001eb   Thumb Code     0  startup_stm32l4r5xx.o(.text)
    USART3_IRQHandler                        0x080001eb   Thumb Code     0  startup_stm32l4r5xx.o(.text)
    WWDG_IRQHandler                          0x080001eb   Thumb Code     0  startup_stm32l4r5xx.o(.text)
    __aeabi_uldivmod                         0x080001f5   Thumb Code    98  uldiv.o(.text)
    strlen                                   0x0800025d   Thumb Code    14  strlen.o(.text)
    __aeabi_llsl                             0x0800026b   Thumb Code    30  llshl.o(.text)
    _ll_shift_l                              0x0800026b   Thumb Code     0  llshl.o(.text)
    __aeabi_llsr                             0x08000289   Thumb Code    32  llushr.o(.text)
    _ll_ushift_r                             0x08000289   Thumb Code     0  llushr.o(.text)
    __scatterload                            0x080002a9   Thumb Code    28  init.o(.text)
    __scatterload_rt2                        0x080002a9   Thumb Code     0  init.o(.text)
    HAL_GPIO_Init                            0x080002cd   Thumb Code   398  stm32l4xx_hal_gpio.o(i.HAL_GPIO_Init)
    HAL_GPIO_WritePin                        0x0800048b   Thumb Code    10  stm32l4xx_hal_gpio.o(i.HAL_GPIO_WritePin)
    HAL_GetTick                              0x08000495   Thumb Code     6  stm32l4xx_hal.o(i.HAL_GetTick)
    HAL_IncTick                              0x080004a1   Thumb Code    12  stm32l4xx_hal.o(i.HAL_IncTick)
    HAL_Init                                 0x080004b1   Thumb Code    30  stm32l4xx_hal.o(i.HAL_Init)
    HAL_InitTick                             0x080004d1   Thumb Code    58  stm32l4xx_hal.o(i.HAL_InitTick)
    HAL_MspInit                              0x08000515   Thumb Code   122  stm32l4xx_hal_msp.o(i.HAL_MspInit)
    HAL_NVIC_SetPriority                     0x08000595   Thumb Code    60  stm32l4xx_hal_cortex.o(i.HAL_NVIC_SetPriority)
    HAL_NVIC_SetPriorityGrouping             0x080005d5   Thumb Code    26  stm32l4xx_hal_cortex.o(i.HAL_NVIC_SetPriorityGrouping)
    HAL_PWREx_ControlVoltageScaling          0x080005f9   Thumb Code   174  stm32l4xx_hal_pwr_ex.o(i.HAL_PWREx_ControlVoltageScaling)
    HAL_PWREx_EnableVddIO2                   0x080006b5   Thumb Code    12  stm32l4xx_hal_pwr_ex.o(i.HAL_PWREx_EnableVddIO2)
    HAL_PWREx_GetVoltageRange                0x080006c5   Thumb Code    36  stm32l4xx_hal_pwr_ex.o(i.HAL_PWREx_GetVoltageRange)
    HAL_RCCEx_PeriphCLKConfig                0x080006ed   Thumb Code  1048  stm32l4xx_hal_rcc_ex.o(i.HAL_RCCEx_PeriphCLKConfig)
    HAL_RCC_ClockConfig                      0x08000b0d   Thumb Code   362  stm32l4xx_hal_rcc.o(i.HAL_RCC_ClockConfig)
    HAL_RCC_GetHCLKFreq                      0x08000c91   Thumb Code     6  stm32l4xx_hal_rcc.o(i.HAL_RCC_GetHCLKFreq)
    HAL_RCC_GetPCLK1Freq                     0x08000c9d   Thumb Code    24  stm32l4xx_hal_rcc.o(i.HAL_RCC_GetPCLK1Freq)
    HAL_RCC_GetPCLK2Freq                     0x08000cc1   Thumb Code    24  stm32l4xx_hal_rcc.o(i.HAL_RCC_GetPCLK2Freq)
    HAL_RCC_GetSysClockFreq                  0x08000ce5   Thumb Code   150  stm32l4xx_hal_rcc.o(i.HAL_RCC_GetSysClockFreq)
    HAL_RCC_OscConfig                        0x08000d89   Thumb Code  1390  stm32l4xx_hal_rcc.o(i.HAL_RCC_OscConfig)
    HAL_SYSTICK_CLKSourceConfig              0x08001301   Thumb Code    24  stm32l4xx_hal_cortex.o(i.HAL_SYSTICK_CLKSourceConfig)
    HAL_SYSTICK_Callback                     0x08001319   Thumb Code     2  stm32l4xx_hal_cortex.o(i.HAL_SYSTICK_Callback)
    HAL_SYSTICK_Config                       0x0800131b   Thumb Code    40  stm32l4xx_hal_cortex.o(i.HAL_SYSTICK_Config)
    HAL_SYSTICK_IRQHandler                   0x08001343   Thumb Code     8  stm32l4xx_hal_cortex.o(i.HAL_SYSTICK_IRQHandler)
    HAL_UARTEx_SetRxFifoThreshold            0x0800134b   Thumb Code    76  stm32l4xx_hal_uart_ex.o(i.HAL_UARTEx_SetRxFifoThreshold)
    HAL_UARTEx_SetTxFifoThreshold            0x08001397   Thumb Code    76  stm32l4xx_hal_uart_ex.o(i.HAL_UARTEx_SetTxFifoThreshold)
    HAL_UART_Init                            0x080013e3   Thumb Code   106  stm32l4xx_hal_uart.o(i.HAL_UART_Init)
    HAL_UART_MspInit                         0x0800144d   Thumb Code    64  stm32l4xx_hal_msp.o(i.HAL_UART_MspInit)
    HAL_UART_Transmit                        0x08001499   Thumb Code   188  stm32l4xx_hal_uart.o(i.HAL_UART_Transmit)
    SysTick_Handler                          0x08001add   Thumb Code    14  stm32l4xx_it.o(i.SysTick_Handler)
    SystemClock_Config                       0x08001aeb   Thumb Code   140  main.o(i.SystemClock_Config)
    SystemInit                               0x08001b79   Thumb Code    56  system_stm32l4xx.o(i.SystemInit)
    UART_AdvFeatureConfig                    0x08001c21   Thumb Code   200  stm32l4xx_hal_uart.o(i.UART_AdvFeatureConfig)
    UART_CheckIdleState                      0x08001ce9   Thumb Code    94  stm32l4xx_hal_uart.o(i.UART_CheckIdleState)
    UART_SetConfig                           0x08001d49   Thumb Code  1904  stm32l4xx_hal_uart.o(i.UART_SetConfig)
    UART_WaitOnFlagUntilTimeout              0x080024c1   Thumb Code   164  stm32l4xx_hal_uart.o(i.UART_WaitOnFlagUntilTimeout)
    __scatterload_copy                       0x08002585   Thumb Code    14  handlers.o(i.__scatterload_copy)
    __scatterload_null                       0x08002593   Thumb Code     2  handlers.o(i.__scatterload_null)
    __scatterload_zeroinit                   0x08002595   Thumb Code    14  handlers.o(i.__scatterload_zeroinit)
    main                                     0x080025a5   Thumb Code    54  main.o(i.main)
    AHBPrescTable                            0x080025e4   Data          16  system_stm32l4xx.o(.constdata)
    MSIRangeTable                            0x080025f4   Data          48  system_stm32l4xx.o(.constdata)
    APBPrescTable                            0x08002624   Data           8  system_stm32l4xx.o(.constdata)
    Region$$Table$$Base                      0x08002638   Number         0  anon$$obj.o(Region$$Table)
    Region$$Table$$Limit                     0x08002658   Number         0  anon$$obj.o(Region$$Table)
    transmitStatus                           0x20000000   Data           1  main.o(.data)
    p_TransmitStr                            0x20000004   Data           4  main.o(.data)
    uwTickPrio                               0x20000008   Data           4  stm32l4xx_hal.o(.data)
    uwTickFreq                               0x2000000c   Data           4  stm32l4xx_hal.o(.data)
    uwTick                                   0x20000010   Data           4  stm32l4xx_hal.o(.data)
    SystemCoreClock                          0x20000014   Data           4  system_stm32l4xx.o(.data)
    hlpuart1                                 0x20000018   Data         140  main.o(.bss)
    __initial_sp                             0x200040a8   Data           0  startup_stm32l4r5xx.o(STACK)



==============================================================================

Memory Map of the image

  Image Entry point : 0x080001bd

  Load Region LR_IROM1 (Base: 0x08000000, Size: 0x00002670, Max: 0x00200000, ABSOLUTE)

    Execution Region ER_IROM1 (Exec base: 0x08000000, Load base: 0x08000000, Size: 0x00002658, Max: 0x00200000, ABSOLUTE)

    Exec Addr    Load Addr    Size         Type   Attr      Idx    E Section Name        Object

    0x08000000   0x08000000   0x000001bc   Data   RO            3    RESET               startup_stm32l4r5xx.o
    0x080001bc   0x080001bc   0x00000000   Code   RO         2920  * .ARM.Collect$$$$00000000  mc_w.l(entry.o)
    0x080001bc   0x080001bc   0x00000004   Code   RO         2927    .ARM.Collect$$$$00000001  mc_w.l(entry2.o)
    0x080001c0   0x080001c0   0x00000004   Code   RO         2930    .ARM.Collect$$$$00000004  mc_w.l(entry5.o)
    0x080001c4   0x080001c4   0x00000000   Code   RO         2932    .ARM.Collect$$$$00000008  mc_w.l(entry7b.o)
    0x080001c4   0x080001c4   0x00000000   Code   RO         2934    .ARM.Collect$$$$0000000A  mc_w.l(entry8b.o)
    0x080001c4   0x080001c4   0x00000008   Code   RO         2935    .ARM.Collect$$$$0000000B  mc_w.l(entry9a.o)
    0x080001cc   0x080001cc   0x00000000   Code   RO         2937    .ARM.Collect$$$$0000000D  mc_w.l(entry10a.o)
    0x080001cc   0x080001cc   0x00000000   Code   RO         2939    .ARM.Collect$$$$0000000F  mc_w.l(entry11a.o)
    0x080001cc   0x080001cc   0x00000004   Code   RO         2928    .ARM.Collect$$$$00002712  mc_w.l(entry2.o)
    0x080001d0   0x080001d0   0x00000024   Code   RO            4    .text               startup_stm32l4r5xx.o
    0x080001f4   0x080001f4   0x00000068   Code   RO         2923    .text               mc_w.l(uldiv.o)
    0x0800025c   0x0800025c   0x0000000e   Code   RO         2925    .text               mc_w.l(strlen.o)
    0x0800026a   0x0800026a   0x0000001e   Code   RO         2941    .text               mc_w.l(llshl.o)
    0x08000288   0x08000288   0x00000020   Code   RO         2943    .text               mc_w.l(llushr.o)
    0x080002a8   0x080002a8   0x00000024   Code   RO         2945    .text               mc_w.l(init.o)
    0x080002cc   0x080002cc   0x000001be   Code   RO         2144    i.HAL_GPIO_Init     stm32l4xx_hal_gpio.o
    0x0800048a   0x0800048a   0x0000000a   Code   RO         2148    i.HAL_GPIO_WritePin  stm32l4xx_hal_gpio.o
    0x08000494   0x08000494   0x0000000c   Code   RO          870    i.HAL_GetTick       stm32l4xx_hal.o
    0x080004a0   0x080004a0   0x00000010   Code   RO          876    i.HAL_IncTick       stm32l4xx_hal.o
    0x080004b0   0x080004b0   0x0000001e   Code   RO          877    i.HAL_Init          stm32l4xx_hal.o
    0x080004ce   0x080004ce   0x00000002   PAD
    0x080004d0   0x080004d0   0x00000044   Code   RO          878    i.HAL_InitTick      stm32l4xx_hal.o
    0x08000514   0x08000514   0x00000080   Code   RO          196    i.HAL_MspInit       stm32l4xx_hal_msp.o
    0x08000594   0x08000594   0x00000040   Code   RO         2761    i.HAL_NVIC_SetPriority  stm32l4xx_hal_cortex.o
    0x080005d4   0x080005d4   0x00000024   Code   RO         2762    i.HAL_NVIC_SetPriorityGrouping  stm32l4xx_hal_cortex.o
    0x080005f8   0x080005f8   0x000000bc   Code   RO         2475    i.HAL_PWREx_ControlVoltageScaling  stm32l4xx_hal_pwr_ex.o
    0x080006b4   0x080006b4   0x00000010   Code   RO         2504    i.HAL_PWREx_EnableVddIO2  stm32l4xx_hal_pwr_ex.o
    0x080006c4   0x080006c4   0x00000028   Code   RO         2510    i.HAL_PWREx_GetVoltageRange  stm32l4xx_hal_pwr_ex.o
    0x080006ec   0x080006ec   0x0000041e   Code   RO         1735    i.HAL_RCCEx_PeriphCLKConfig  stm32l4xx_hal_rcc_ex.o
    0x08000b0a   0x08000b0a   0x00000002   PAD
    0x08000b0c   0x08000b0c   0x00000184   Code   RO         1605    i.HAL_RCC_ClockConfig  stm32l4xx_hal_rcc.o
    0x08000c90   0x08000c90   0x0000000c   Code   RO         1609    i.HAL_RCC_GetHCLKFreq  stm32l4xx_hal_rcc.o
    0x08000c9c   0x08000c9c   0x00000024   Code   RO         1611    i.HAL_RCC_GetPCLK1Freq  stm32l4xx_hal_rcc.o
    0x08000cc0   0x08000cc0   0x00000024   Code   RO         1612    i.HAL_RCC_GetPCLK2Freq  stm32l4xx_hal_rcc.o
    0x08000ce4   0x08000ce4   0x000000a4   Code   RO         1613    i.HAL_RCC_GetSysClockFreq  stm32l4xx_hal_rcc.o
    0x08000d88   0x08000d88   0x00000578   Code   RO         1616    i.HAL_RCC_OscConfig  stm32l4xx_hal_rcc.o
    0x08001300   0x08001300   0x00000018   Code   RO         2764    i.HAL_SYSTICK_CLKSourceConfig  stm32l4xx_hal_cortex.o
    0x08001318   0x08001318   0x00000002   Code   RO         2765    i.HAL_SYSTICK_Callback  stm32l4xx_hal_cortex.o
    0x0800131a   0x0800131a   0x00000028   Code   RO         2766    i.HAL_SYSTICK_Config  stm32l4xx_hal_cortex.o
    0x08001342   0x08001342   0x00000008   Code   RO         2767    i.HAL_SYSTICK_IRQHandler  stm32l4xx_hal_cortex.o
    0x0800134a   0x0800134a   0x0000004c   Code   RO          735    i.HAL_UARTEx_SetRxFifoThreshold  stm32l4xx_hal_uart_ex.o
    0x08001396   0x08001396   0x0000004c   Code   RO          736    i.HAL_UARTEx_SetTxFifoThreshold  stm32l4xx_hal_uart_ex.o
    0x080013e2   0x080013e2   0x0000006a   Code   RO          362    i.HAL_UART_Init     stm32l4xx_hal_uart.o
    0x0800144c   0x0800144c   0x0000004c   Code   RO          198    i.HAL_UART_MspInit  stm32l4xx_hal_msp.o
    0x08001498   0x08001498   0x000000bc   Code   RO          371    i.HAL_UART_Transmit  stm32l4xx_hal_uart.o
    0x08001554   0x08001554   0x000001fe   Code   RO           13    i.MX_GPIO_Init      main.o
    0x08001752   0x08001752   0x00000002   PAD
    0x08001754   0x08001754   0x00000050   Code   RO           14    i.MX_LPUART1_UART_Init  main.o
    0x080017a4   0x080017a4   0x00000128   Code   RO         1739    i.RCCEx_PLLSAI1_Config  stm32l4xx_hal_rcc_ex.o
    0x080018cc   0x080018cc   0x00000128   Code   RO         1740    i.RCCEx_PLLSAI2_Config  stm32l4xx_hal_rcc_ex.o
    0x080019f4   0x080019f4   0x00000074   Code   RO         1617    i.RCC_GetSysClockFreqFromPLLSource  stm32l4xx_hal_rcc.o
    0x08001a68   0x08001a68   0x00000074   Code   RO         1618    i.RCC_SetFlashLatencyFromMSIRange  stm32l4xx_hal_rcc.o
    0x08001adc   0x08001adc   0x0000000e   Code   RO          169    i.SysTick_Handler   stm32l4xx_it.o
    0x08001aea   0x08001aea   0x0000008c   Code   RO           15    i.SystemClock_Config  main.o
    0x08001b76   0x08001b76   0x00000002   PAD
    0x08001b78   0x08001b78   0x00000044   Code   RO         2886    i.SystemInit        system_stm32l4xx.o
    0x08001bbc   0x08001bbc   0x00000064   Code   RO          740    i.UARTEx_SetNbDataToProcess  stm32l4xx_hal_uart_ex.o
    0x08001c20   0x08001c20   0x000000c8   Code   RO          376    i.UART_AdvFeatureConfig  stm32l4xx_hal_uart.o
    0x08001ce8   0x08001ce8   0x0000005e   Code   RO          377    i.UART_CheckIdleState  stm32l4xx_hal_uart.o
    0x08001d46   0x08001d46   0x00000002   PAD
    0x08001d48   0x08001d48   0x00000776   Code   RO          394    i.UART_SetConfig    stm32l4xx_hal_uart.o
    0x080024be   0x080024be   0x00000002   PAD
    0x080024c0   0x080024c0   0x000000a4   Code   RO          399    i.UART_WaitOnFlagUntilTimeout  stm32l4xx_hal_uart.o
    0x08002564   0x08002564   0x00000020   Code   RO         2768    i.__NVIC_SetPriority  stm32l4xx_hal_cortex.o
    0x08002584   0x08002584   0x0000000e   Code   RO         2949    i.__scatterload_copy  mc_w.l(handlers.o)
    0x08002592   0x08002592   0x00000002   Code   RO         2950    i.__scatterload_null  mc_w.l(handlers.o)
    0x08002594   0x08002594   0x0000000e   Code   RO         2951    i.__scatterload_zeroinit  mc_w.l(handlers.o)
    0x080025a2   0x080025a2   0x00000002   PAD
    0x080025a4   0x080025a4   0x00000040   Code   RO           17    i.main              main.o
    0x080025e4   0x080025e4   0x00000040   Data   RO         2887    .constdata          system_stm32l4xx.o
    0x08002624   0x08002624   0x00000008   Data   RO         2888    .constdata          system_stm32l4xx.o
    0x0800262c   0x0800262c   0x0000000b   Data   RO           19    .conststring        main.o
    0x08002637   0x08002637   0x00000001   PAD
    0x08002638   0x08002638   0x00000020   Data   RO         2947    Region$$Table       anon$$obj.o


    Execution Region RW_IRAM1 (Exec base: 0x20000000, Load base: 0x08002658, Size: 0x000040a8, Max: 0x000a0000, ABSOLUTE)

    Exec Addr    Load Addr    Size         Type   Attr      Idx    E Section Name        Object

    0x20000000   0x08002658   0x00000008   Data   RW           20    .data               main.o
    0x20000008   0x08002660   0x0000000c   Data   RW          894    .data               stm32l4xx_hal.o
    0x20000014   0x0800266c   0x00000004   Data   RW         2889    .data               system_stm32l4xx.o
    0x20000018        -       0x0000008c   Zero   RW           18    .bss                main.o
    0x200000a4   0x08002670   0x00000004   PAD
    0x200000a8        -       0x00004000   Zero   RW            1    STACK               startup_stm32l4r5xx.o


==============================================================================

Image component sizes


      Code (inc. data)   RO Data    RW Data    ZI Data      Debug   Object Name

       794         56         11          8        140     886557   main.o
        36          8        444          0      16384        868   startup_stm32l4r5xx.o
       126         20          0         12          0       3845   stm32l4xx_hal.o
       206         14          0          0          0      35260   stm32l4xx_hal_cortex.o
       456         42          0          0          0       2528   stm32l4xx_hal_gpio.o
       204         18          0          0          0       1673   stm32l4xx_hal_msp.o
       244         22          0          0          0       2151   stm32l4xx_hal_pwr_ex.o
      2268        124          0          0          0       8604   stm32l4xx_hal_rcc.o
      1646         52          0          0          0       4324   stm32l4xx_hal_rcc_ex.o
      2662         66          0          0          0       7757   stm32l4xx_hal_uart.o
       252         18          0          0          0       3068   stm32l4xx_hal_uart_ex.o
        14          0          0          0          0        530   stm32l4xx_it.o
        68         12         72          4          0       1313   system_stm32l4xx.o

    ----------------------------------------------------------------------
      8988        452        560         24      16528     958478   Object Totals
         0          0         32          0          0          0   (incl. Generated)
        12          0          1          0          4          0   (incl. Padding)

    ----------------------------------------------------------------------

      Code (inc. data)   RO Data    RW Data    ZI Data      Debug   Library Member Name

         0          0          0          0          0          0   entry.o
         0          0          0          0          0          0   entry10a.o
         0          0          0          0          0          0   entry11a.o
         8          4          0          0          0          0   entry2.o
         4          0          0          0          0          0   entry5.o
         0          0          0          0          0          0   entry7b.o
         0          0          0          0          0          0   entry8b.o
         8          4          0          0          0          0   entry9a.o
        30          0          0          0          0          0   handlers.o
        36          8          0          0          0         68   init.o
        30          0          0          0          0         68   llshl.o
        32          0          0          0          0         68   llushr.o
        14          0          0          0          0         68   strlen.o
       104          0          0          0          0         92   uldiv.o

    ----------------------------------------------------------------------
       268         16          0          0          0        364   Library Totals
         2          0          0          0          0          0   (incl. Padding)

    ----------------------------------------------------------------------

      Code (inc. data)   RO Data    RW Data    ZI Data      Debug   Library Name

       266         16          0          0          0        364   mc_w.l

    ----------------------------------------------------------------------
       268         16          0          0          0        364   Library Totals

    ----------------------------------------------------------------------

==============================================================================


      Code (inc. data)   RO Data    RW Data    ZI Data      Debug   

      9256        468        560         24      16528     955194   Grand Totals
      9256        468        560         24      16528     955194   ELF Image Totals
      9256        468        560         24          0          0   ROM Totals

==============================================================================

    Total RO  Size (Code + RO Data)                 9816 (   9.59kB)
    Total RW  Size (RW Data + ZI Data)             16552 (  16.16kB)
    Total ROM Size (Code + RO Data + RW Data)       9840 (   9.61kB)

==============================================================================

